Archive member included to satisfy reference by file (symbol)

C:\Users\colin\AppData\Local\Temp\arduino\sketches\F3856266610E794D7B4EF7F584E67139/..\..\cores\450c9d60defc99c66b786c1c213a5ccb\core.a(delay.cpp.o)
                              C:\Users\colin\AppData\Local\Temp\arduino\sketches\F3856266610E794D7B4EF7F584E67139\sketch\PicoTuner.ino.cpp.o (delayMicroseconds)
C:\Users\colin\AppData\Local\Temp\arduino\sketches\F3856266610E794D7B4EF7F584E67139/..\..\cores\450c9d60defc99c66b786c1c213a5ccb\core.a(main.cpp.o)
                              c:/users/colin/appdata/local/arduino15/packages/rp2040/tools/pqt-gcc/2.1.0-a-d3d2e6b/bin/../lib/gcc/arm-none-eabi/12.3.0/../../../../arm-none-eabi/lib/thumb/crt0.o (main)
C:\Users\colin\AppData\Local\Temp\arduino\sketches\F3856266610E794D7B4EF7F584E67139/..\..\cores\450c9d60defc99c66b786c1c213a5ccb\core.a(malloc-lock.cpp.o)
                              C:\Users\colin\AppData\Local\Temp\arduino\sketches\F3856266610E794D7B4EF7F584E67139/..\..\cores\450c9d60defc99c66b786c1c213a5ccb\core.a(main.cpp.o) (__wrap_malloc)
C:\Users\colin\AppData\Local\Temp\arduino\sketches\F3856266610E794D7B4EF7F584E67139/..\..\cores\450c9d60defc99c66b786c1c213a5ccb\core.a(wiring_digital.cpp.o)
                              C:\Users\colin\AppData\Local\Temp\arduino\sketches\F3856266610E794D7B4EF7F584E67139\sketch\PicoTuner.ino.cpp.o (pinMode)
C:\Users\colin\AppData\Local\Temp\arduino\sketches\F3856266610E794D7B4EF7F584E67139/..\..\cores\450c9d60defc99c66b786c1c213a5ccb\core.a(wiring_private.cpp.o)
                              C:\Users\colin\AppData\Local\Temp\arduino\sketches\F3856266610E794D7B4EF7F584E67139\sketch\PicoTuner.ino.cpp.o (interrupts)
C:\Users\colin\AppData\Local\Temp\arduino\sketches\F3856266610E794D7B4EF7F584E67139/..\..\cores\450c9d60defc99c66b786c1c213a5ccb\core.a(CoreMutex.cpp.o)
                              C:\Users\colin\AppData\Local\Temp\arduino\sketches\F3856266610E794D7B4EF7F584E67139/..\..\cores\450c9d60defc99c66b786c1c213a5ccb\core.a(wiring_private.cpp.o) (_ZN9CoreMutexC1EP5mutexh)
C:\Users\colin\AppData\Local\Temp\arduino\sketches\F3856266610E794D7B4EF7F584E67139/..\..\cores\450c9d60defc99c66b786c1c213a5ccb\core.a(PIOProgram.cpp.o)
                              C:\Users\colin\AppData\Local\Temp\arduino\sketches\F3856266610E794D7B4EF7F584E67139/..\..\cores\450c9d60defc99c66b786c1c213a5ccb\core.a(main.cpp.o) (_ZN10PIOProgramC1EPK11pio_program)
C:\Users\colin\AppData\Local\Temp\arduino\sketches\F3856266610E794D7B4EF7F584E67139/..\..\cores\450c9d60defc99c66b786c1c213a5ccb\core.a(_freertos.cpp.o)
                              C:\Users\colin\AppData\Local\Temp\arduino\sketches\F3856266610E794D7B4EF7F584E67139/..\..\cores\450c9d60defc99c66b786c1c213a5ccb\core.a(CoreMutex.cpp.o) (_Z28__get_freertos_mutex_for_ptrP5mutexb)
C:\Users\colin\AppData\Local\Temp\arduino\sketches\F3856266610E794D7B4EF7F584E67139/..\..\cores\450c9d60defc99c66b786c1c213a5ccb\core.a(String.cpp.o)
                              C:\Users\colin\AppData\Local\Temp\arduino\sketches\F3856266610E794D7B4EF7F584E67139/..\..\cores\450c9d60defc99c66b786c1c213a5ccb\core.a(main.cpp.o) (_ZN7arduino6StringD1Ev)
C:\Users\colin\AppData\Local\Temp\arduino\sketches\F3856266610E794D7B4EF7F584E67139/..\..\cores\450c9d60defc99c66b786c1c213a5ccb\core.a(stdlib_noniso.cpp.o)
                              C:\Users\colin\AppData\Local\Temp\arduino\sketches\F3856266610E794D7B4EF7F584E67139/..\..\cores\450c9d60defc99c66b786c1c213a5ccb\core.a(String.cpp.o) (ltoa)
C:\Users\colin\AppData\Local\Temp\arduino\sketches\F3856266610E794D7B4EF7F584E67139/..\..\cores\450c9d60defc99c66b786c1c213a5ccb\core.a(wiring_analog.cpp.o)
                              C:\Users\colin\AppData\Local\Temp\arduino\sketches\F3856266610E794D7B4EF7F584E67139/..\..\cores\450c9d60defc99c66b786c1c213a5ccb\core.a(wiring_digital.cpp.o) (_Z13__clearADCPinh)
C:\Users\colin\AppData\Local\Arduino15\packages\rp2040\hardware\rp2040\3.6.1/lib/libpico.a(adc.c.obj)
                              C:\Users\colin\AppData\Local\Temp\arduino\sketches\F3856266610E794D7B4EF7F584E67139/..\..\cores\450c9d60defc99c66b786c1c213a5ccb\core.a(wiring_analog.cpp.o) (adc_init)
C:\Users\colin\AppData\Local\Arduino15\packages\rp2040\hardware\rp2040\3.6.1/lib/libpico.a(sync.c.obj)
                              C:\Users\colin\AppData\Local\Temp\arduino\sketches\F3856266610E794D7B4EF7F584E67139/..\..\cores\450c9d60defc99c66b786c1c213a5ccb\core.a(main.cpp.o) (next_striped_spin_lock_num)
C:\Users\colin\AppData\Local\Arduino15\packages\rp2040\hardware\rp2040\3.6.1/lib/libpico.a(gpio.c.obj)
                              C:\Users\colin\AppData\Local\Temp\arduino\sketches\F3856266610E794D7B4EF7F584E67139\sketch\PicoTuner.ino.cpp.o (gpio_set_function)
C:\Users\colin\AppData\Local\Arduino15\packages\rp2040\hardware\rp2040\3.6.1/lib/libpico.a(irq.c.obj)
[...]
Memory Configuration

Name             Origin             Length             Attributes
FLASH            0x10000000         0x001ff000         xr
RAM              0x20000000         0x00040000         xrw
SCRATCH_X        0x20040000         0x00001000         xrw
SCRATCH_Y        0x20041000         0x00001000         xrw
*default*        0x00000000         0xffffffff

Linker script and memory map

LOAD c:/users/colin/appdata/local/arduino15/packages/rp2040/tools/pqt-gcc/2.1.0-a-d3d2e6b/bin/../lib/gcc/arm-none-eabi/12.3.0/thumb/crti.o
LOAD c:/users/colin/appdata/local/arduino15/packages/rp2040/tools/pqt-gcc/2.1.0-a-d3d2e6b/bin/../lib/gcc/arm-none-eabi/12.3.0/thumb/crtbegin.o
LOAD c:/users/colin/appdata/local/arduino15/packages/rp2040/tools/pqt-gcc/2.1.0-a-d3d2e6b/bin/../lib/gcc/arm-none-eabi/12.3.0/../../../../arm-none-eabi/lib/thumb/crt0.o
                [!provide]                        PROVIDE (_EEPROM_start = 0x101ff000)
                [!provide]                        PROVIDE (_FS_start = 0x101ff000)
                [!provide]                        PROVIDE (_FS_end = 0x101ff000)

.flash_begin    0x10000000        0x0
                0x10000000                        __flash_binary_start = .

.boot2          0x10000000      0x100
                0x10000000                        __boot2_start__ = .
 *(.boot2)
 .boot2         0x10000000      0x100 C:\Users\colin\AppData\Local\Temp\arduino\sketches\F3856266610E794D7B4EF7F584E67139/boot2.o
                0x10000100                        __boot2_end__ = .
                0x00000001                        ASSERT (((__boot2_end__ - __boot2_start__) == 0x100), ERROR: Pico second stage bootloader must be 256 bytes in size)

.ota            0x10000100     0x24e4
 *(.OTA)
 .OTA           0x10000100     0x24e4 C:\Users\colin\AppData\Local\Arduino15\packages\rp2040\hardware\rp2040\3.6.1/lib/ota.o
                0x10000100                _binary_ota_bin_start
                0x100025e4                _binary_ota_bin_end

.partition      0x100025e4      0xa1c
                0x10002ff0                        . = (__flash_binary_start + 0x2ff0)
 *fill*         0x100025e4      0xa0c 
                0x10002ff0        0x4 LONG 0x101ff000
                0x10002ff4        0x4 LONG 0x101ff000
                0x10002ff8        0x4 LONG 0x101ff000
                0x10002ffc        0x4 LONG 0x1ff000

.text           0x10003000     0xa230
                0x10003000                        __logical_binary_start = .
 *(.vectors)
 .vectors       0x10003000       0xd4 C:\Users\colin\AppData\Local\Arduino15\packages\rp2040\hardware\rp2040\3.6.1/lib/libpico.a(crt0.S.obj)
                0x10003000                __VECTOR_TABLE
                0x10003000                __vectors
                0x100030c0                isr_invalid
                0x100030c0                __default_isrs_start
                0x100030c2                isr_nmi
                0x100030c4                isr_hardfault
                0x100030c6                isr_svcall
                0x100030c8                isr_pendsv
                0x100030ca                isr_systick
                0x100030cc                isr_irq23
                0x100030cc                isr_irq18
                0x100030cc                isr_irq11
                0x100030cc                isr_irq28
                0x100030cc                isr_irq19
                0x100030cc                isr_irq0
                0x100030cc                isr_irq6
                0x100030cc                isr_irq5
                0x100030cc                isr_irq12
                0x100030cc                isr_irq22
                0x100030cc                isr_irq31
                0x100030cc                isr_irq17
                0x100030cc                isr_irq27
                0x100030cc                isr_irq30
                0x100030cc                isr_irq2
                0x100030cc                isr_irq10
                0x100030cc                isr_irq8
                0x100030cc                isr_irq24
                0x100030cc                isr_irq1
                0x100030cc                isr_irq7
                0x100030cc                isr_irq21
                0x100030cc                isr_irq20
                0x100030cc                isr_irq15
                0x100030cc                isr_irq25
                0x100030cc                isr_irq13
                0x100030cc                __unhandled_user_irq
                0x100030cc                isr_irq4
                0x100030cc                isr_irq16
                0x100030cc                isr_irq29
                0x100030cc                isr_irq26
                0x100030cc                __default_isrs_end
                0x100030cc                isr_irq3
                0x100030cc                isr_irq14
                0x100030cc                isr_irq9
                0x100030d2                unhandled_user_irq_num_in_r0
 *(.binary_info_header)
 .binary_info_header
                0x100030d4        0x0 C:\Users\colin\AppData\Local\Arduino15\packages\rp2040\hardware\rp2040\3.6.1/lib/libpico.a(crt0.S.obj)
                0x100030d4                        __binary_info_header_end = .
 *(.reset)
 .reset         0x100030d4       0xa0 C:\Users\colin\AppData\Local\Arduino15\packages\rp2040\hardware\rp2040\3.6.1/lib/libpico.a(crt0.S.obj)
                0x100030d4                _entry_point
 *(.init)
 .init          0x10003174        0x4 c:/users/colin/appdata/local/arduino15/packages/rp2040/tools/pqt-gcc/2.1.0-a-d3d2e6b/bin/../lib/gcc/arm-none-eabi/12.3.0/thumb/crti.o
                0x10003174                _init
 *(EXCLUDE_FILE(*dvi.c.o *PicoDVI.cpp.o *divider.S.obj *interp.c.obj *libm.a: *libc.a:*lib_a-mem*.o *libgcc.a:) .text*)
 .text          0x10003178       0x98 c:/users/colin/appdata/local/arduino15/packages/rp2040/tools/pqt-gcc/2.1.0-a-d3d2e6b/bin/../lib/gcc/arm-none-eabi/12.3.0/thumb/crtbegin.o
 .text.pio_sm_put_blocking
                0x10003210       0x18 C:\Users\colin\AppData\Local\Temp\arduino\sketches\F3856266610E794D7B4EF7F584E67139\sketch\PicoTuner.ino.cpp.o
 .text._Z15ep81_in_handlerPht
                0x10003228        0xc C:\Users\colin\AppData\Local\Temp\arduino\sketches\F3856266610E794D7B4EF7F584E67139\sketch\PicoTuner.ino.cpp.o
                0x10003228                _Z15ep81_in_handlerPht
 .text._Z12DMA2_handlerv
                0x10003234       0x34 C:\Users\colin\AppData\Local\Temp\arduino\sketches\F3856266610E794D7B4EF7F584E67139\sketch\PicoTuner.ino.cpp.o
                0x10003234                _Z12DMA2_handlerv
 .text._Z12DMA1_handlerv
                0x10003268       0x34 C:\Users\colin\AppData\Local\Temp\arduino\sketches\F3856266610E794D7B4EF7F584E67139\sketch\PicoTuner.ino.cpp.o
                0x10003268                _Z12DMA1_handlerv
 .text._Z7setGPIOiii.part.0
                0x1000329c       0x34 C:\Users\colin\AppData\Local\Temp\arduino\sketches\F3856266610E794D7B4EF7F584E67139\sketch\PicoTuner.ino.cpp.o
 .text.dma_channel_get_default_config
                0x100032d0       0x2c C:\Users\colin\AppData\Local\Temp\arduino\sketches\F3856266610E794D7B4EF7F584E67139\sketch\PicoTuner.ino.cpp.o
 .text._ZL13Pio_TS_S_initP8pio_hw_tjjj
                0x100032fc       0xa4 C:\Users\colin\AppData\Local\Temp\arduino\sketches\F3856266610E794D7B4EF7F584E67139\sketch\PicoTuner.ino.cpp.o
 .text._Z30usb_get_endpoint_configurationh
                0x100033a0       0x28 C:\Users\colin\AppData\Local\Temp\arduino\sketches\F3856266610E794D7B4EF7F584E67139\sketch\PicoTuner.ino.cpp.o
                0x100033a0                _Z30usb_get_endpoint_configurationh
 .text._Z29usb_prepare_string_descriptorPKh
                0x100033c8       0x34 C:\Users\colin\AppData\Local\Temp\arduino\sketches\F3856266610E794D7B4EF7F584E67139\sketch\PicoTuner.ino.cpp.o
                0x100033c8                _Z29usb_prepare_string_descriptorPKh
 .text._Z18usb_setup_endpointPK26usb_endpoint_configuration
                0x100033fc       0x24 C:\Users\colin\AppData\Local\Temp\arduino\sketches\F3856266610E794D7B4EF7F584E67139\sketch\PicoTuner.ino.cpp.o
                0x100033fc                _Z18usb_setup_endpointPK26usb_endpoint_configuration
 .text._Z19usb_setup_endpointsv
                0x10003420       0x28 C:\Users\colin\AppData\Local\Temp\arduino\sketches\F3856266610E794D7B4EF7F584E67139\sketch\PicoTuner.ino.cpp.o
                0x10003420                _Z19usb_setup_endpointsv
 .text._Z15usb_device_initv
                0x10003448       0x74 C:\Users\colin\AppData\Local\Temp\arduino\sketches\F3856266610E794D7B4EF7F584E67139\sketch\PicoTuner.ino.cpp.o
                0x10003448                _Z15usb_device_initv
 .text._Z18usb_start_transferP26usb_endpoint_configurationPht
                0x100034bc       0x70 C:\Users\colin\AppData\Local\Temp\arduino\sketches\F3856266610E794D7B4EF7F584E67139\sketch\PicoTuner.ino.cpp.o
                0x100034bc                _Z18usb_start_transferP26usb_endpoint_configurationPht
 .text._Z14ep0_in_handlerPht
                0x1000352c       0x34 C:\Users\colin\AppData\Local\Temp\arduino\sketches\F3856266610E794D7B4EF7F584E67139\sketch\PicoTuner.ino.cpp.o
                0x1000352c                _Z14ep0_in_handlerPht
 .text._Z15ep0_out_handlerPht
                0x10003560       0x12 C:\Users\colin\AppData\Local\Temp\arduino\sketches\F3856266610E794D7B4EF7F584E67139\sketch\PicoTuner.ino.cpp.o
                0x10003560                _Z15ep0_out_handlerPht
 *fill*         0x10003572        0x2 
 .text._Z15ep2_out_handlerPht
                0x10003574       0x54 C:\Users\colin\AppData\Local\Temp\arduino\sketches\F3856266610E794D7B4EF7F584E67139\sketch\PicoTuner.ino.cpp.o
                0x10003574                _Z15ep2_out_handlerPht
 .text._Z28usb_handle_device_descriptorPV16usb_setup_packet
                0x100035c8       0x34 C:\Users\colin\AppData\Local\Temp\arduino\sketches\F3856266610E794D7B4EF7F584E67139\sketch\PicoTuner.ino.cpp.o
                0x100035c8                _Z28usb_handle_device_descriptorPV16usb_setup_packet
 .text._Z28usb_handle_config_descriptorPV16usb_setup_packet
                0x100035fc       0xc4 C:\Users\colin\AppData\Local\Temp\arduino\sketches\F3856266610E794D7B4EF7F584E67139\sketch\PicoTuner.ino.cpp.o
                0x100035fc                _Z28usb_handle_config_descriptorPV16usb_setup_packet
 .text._Z13usb_bus_resetv
                0x100036c0       0x24 C:\Users\colin\AppData\Local\Temp\arduino\sketches\F3856266610E794D7B4EF7F584E67139\sketch\PicoTuner.ino.cpp.o
                0x100036c0                _Z13usb_bus_resetv
 .text._Z28usb_handle_string_descriptorPV16usb_setup_packet
                0x100036e4       0x60 C:\Users\colin\AppData\Local\Temp\arduino\sketches\F3856266610E794D7B4EF7F584E67139\sketch\PicoTuner.ino.cpp.o
                0x100036e4                _Z28usb_handle_string_descriptorPV16usb_setup_packet
 .text._Z27usb_acknowledge_out_requestv
                0x10003744       0x12 C:\Users\colin\AppData\Local\Temp\arduino\sketches\F3856266610E794D7B4EF7F584E67139\sketch\PicoTuner.ino.cpp.o
                0x10003744                _Z27usb_acknowledge_out_requestv
 *fill*         0x10003756        0x2 
 .text._Z22usb_set_device_addressPV16usb_setup_packet
                0x10003758       0x20 C:\Users\colin\AppData\Local\Temp\arduino\sketches\F3856266610E794D7B4EF7F584E67139\sketch\PicoTuner.ino.cpp.o
                0x10003758                _Z22usb_set_device_addressPV16usb_setup_packet
 .text._Z10sendResultv
                0x10003778       0x1c C:\Users\colin\AppData\Local\Temp\arduino\sketches\F3856266610E794D7B4EF7F584E67139\sketch\PicoTuner.ino.cpp.o
                0x10003778                _Z10sendResultv
 .text._Z17commandsAvailablev
                0x10003794       0x24 C:\Users\colin\AppData\Local\Temp\arduino\sketches\F3856266610E794D7B4EF7F584E67139\sketch\PicoTuner.ino.cpp.o
                0x10003794                _Z17commandsAvailablev
 .text._Z14getNextCommandv
                0x100037b8       0x24 C:\Users\colin\AppData\Local\Temp\arduino\sketches\F3856266610E794D7B4EF7F584E67139\sketch\PicoTuner.ino.cpp.o
                0x100037b8                _Z14getNextCommandv
 .text._Z16TS2BufsAvailablev
                0x100037dc       0x20 C:\Users\colin\AppData\Local\Temp\arduino\sketches\F3856266610E794D7B4EF7F584E67139\sketch\PicoTuner.ino.cpp.o
                0x100037dc                _Z16TS2BufsAvailablev
 .text._Z16TS1BufsAvailablev
                0x100037fc       0x20 C:\Users\colin\AppData\Local\Temp\arduino\sketches\F3856266610E794D7B4EF7F584E67139\sketch\PicoTuner.ino.cpp.o
                0x100037fc                _Z16TS1BufsAvailablev
 .text._Z7sendTS2i
                0x1000381c       0xc8 C:\Users\colin\AppData\Local\Temp\arduino\sketches\F3856266610E794D7B4EF7F584E67139\sketch\PicoTuner.ino.cpp.o
                0x1000381c                _Z7sendTS2i
 .text._Z15ep83_in_handlerPht
                0x100038e4       0x38 C:\Users\colin\AppData\Local\Temp\arduino\sketches\F3856266610E794D7B4EF7F584E67139\sketch\PicoTuner.ino.cpp.o
                0x100038e4                _Z15ep83_in_handlerPht
 .text._Z7sendTS1i
                0x1000391c       0xc0 C:\Users\colin\AppData\Local\Temp\arduino\sketches\F3856266610E794D7B4EF7F584E67139\sketch\PicoTuner.ino.cpp.o
                0x1000391c                _Z7sendTS1i
 .text._Z15ep84_in_handlerPht
                0x100039dc       0x30 C:\Users\colin\AppData\Local\Temp\arduino\sketches\F3856266610E794D7B4EF7F584E67139\sketch\PicoTuner.ino.cpp.o
                0x100039dc                _Z15ep84_in_handlerPht
 .text.setup1   0x10003a0c       0xec C:\Users\colin\AppData\Local\Temp\arduino\sketches\F3856266610E794D7B4EF7F584E67139\sketch\PicoTuner.ino.cpp.o
                0x10003a0c                setup1
 .text.loop1    0x10003af8      0x13c C:\Users\colin\AppData\Local\Temp\arduino\sketches\F3856266610E794D7B4EF7F584E67139\sketch\PicoTuner.ino.cpp.o
                0x10003af8                loop1
 .text._Z12clearBuffersv
                0x10003c34       0x68 C:\Users\colin\AppData\Local\Temp\arduino\sketches\F3856266610E794D7B4EF7F584E67139\sketch\PicoTuner.ino.cpp.o
                0x10003c34                _Z12clearBuffersv
 .text._Z23usb_handle_setup_packetv
                0x10003c9c       0x7c C:\Users\colin\AppData\Local\Temp\arduino\sketches\F3856266610E794D7B4EF7F584E67139\sketch\PicoTuner.ino.cpp.o
                0x10003c9c                _Z23usb_handle_setup_packetv
 .text._Z8isr_irq5v
                0x10003d18       0xd8 C:\Users\colin\AppData\Local\Temp\arduino\sketches\F3856266610E794D7B4EF7F584E67139\sketch\PicoTuner.ino.cpp.o
                0x10003d18                _Z8isr_irq5v
 .text.setup    0x10003df0      0x21c C:\Users\colin\AppData\Local\Temp\arduino\sketches\F3856266610E794D7B4EF7F584E67139\sketch\PicoTuner.ino.cpp.o
                0x10003df0                setup
 .text._Z7setGPIOiii
                0x1000400c       0x34 C:\Users\colin\AppData\Local\Temp\arduino\sketches\F3856266610E794D7B4EF7F584E67139\sketch\PicoTuner.ino.cpp.o
                0x1000400c                _Z7setGPIOiii
 .text._Z11shiftBitsIni
                0x10004040       0x60 C:\Users\colin\AppData\Local\Temp\arduino\sketches\F3856266610E794D7B4EF7F584E67139\sketch\PicoTuner.ino.cpp.o
                0x10004040                _Z11shiftBitsIni
 .text._Z12shiftByteOuti
                0x100040a0       0x58 C:\Users\colin\AppData\Local\Temp\arduino\sketches\F3856266610E794D7B4EF7F584E67139\sketch\PicoTuner.ino.cpp.o
                0x100040a0                _Z12shiftByteOuti
 .text._Z15processCommandsv
                0x100040f8       0xd8 C:\Users\colin\AppData\Local\Temp\arduino\sketches\F3856266610E794D7B4EF7F584E67139\sketch\PicoTuner.ino.cpp.o
                0x100040f8                _Z15processCommandsv
 .text.loop     0x100041d0      0x1a8 C:\Users\colin\AppData\Local\Temp\arduino\sketches\F3856266610E794D7B4EF7F584E67139\sketch\PicoTuner.ino.cpp.o
                0x100041d0                loop
 .text.get_absolute_time
                0x10004378       0x2c C:\Users\colin\AppData\Local\Temp\arduino\sketches\F3856266610E794D7B4EF7F584E67139/..\..\cores\450c9d60defc99c66b786c1c213a5ccb\core.a(delay.cpp.o)
 .text.delay    0x100043a4        0xc C:\Users\colin\AppData\Local\Temp\arduino\sketches\F3856266610E794D7B4EF7F584E67139/..\..\cores\450c9d60defc99c66b786c1c213a5ccb\core.a(delay.cpp.o)
                0x100043a4                delay
 .text.delayMicroseconds
                0x100043b0        0xe C:\Users\colin\AppData\Local\Temp\arduino\sketches\F3856266610E794D7B4EF7F584E67139/..\..\cores\450c9d60defc99c66b786c1c213a5ccb\core.a(delay.cpp.o)
                0x100043b0                delayMicroseconds
 .text.millis   0x100043be       0x26 C:\Users\colin\AppData\Local\Temp\arduino\sketches\F3856266610E794D7B4EF7F584E67139/..\..\cores\450c9d60defc99c66b786c1c213a5ccb\core.a(delay.cpp.o)
                0x100043be                millis
 .text._ZN6RP204015_SystickHandlerEv
                0x100043e4       0x1c C:\Users\colin\AppData\Local\Temp\arduino\sketches\F3856266610E794D7B4EF7F584E67139/..\..\cores\450c9d60defc99c66b786c1c213a5ccb\core.a(main.cpp.o)
                0x100043e4                _ZN6RP204015_SystickHandlerEv
 .text._ZN6_MFIFO12registerCoreEv.part.0
                0x10004400       0x24 C:\Users\colin\AppData\Local\Temp\arduino\sketches\F3856266610E794D7B4EF7F584E67139/..\..\cores\450c9d60defc99c66b786c1c213a5ccb\core.a(main.cpp.o)
 .text.main1    0x10004424       0x30 C:\Users\colin\AppData\Local\Temp\arduino\sketches\F3856266610E794D7B4EF7F584E67139/..\..\cores\450c9d60defc99c66b786c1c213a5ccb\core.a(main.cpp.o)
                0x10004424                main1
 .text._ZN6_MFIFO5beginEi.part.0.constprop.0
                0x10004454       0x44 C:\Users\colin\AppData\Local\Temp\arduino\sketches\F3856266610E794D7B4EF7F584E67139/..\..\cores\450c9d60defc99c66b786c1c213a5ccb\core.a(main.cpp.o)
 .text._ZN6RP20405beginEv
                0x10004498       0xb8 C:\Users\colin\AppData\Local\Temp\arduino\sketches\F3856266610E794D7B4EF7F584E67139/..\..\cores\450c9d60defc99c66b786c1c213a5ccb\core.a(main.cpp.o)
                0x10004498                _ZN6RP20405beginEv
 .text.initVariant
                0x10004550        0x2 C:\Users\colin\AppData\Local\Temp\arduino\sketches\F3856266610E794D7B4EF7F584E67139/..\..\cores\450c9d60defc99c66b786c1c213a5ccb\core.a(main.cpp.o)
                0x10004550                initVariant
 *fill*         0x10004552        0x2 
 .text._Z6__loopv
                0x10004554       0x30 C:\Users\colin\AppData\Local\Temp\arduino\sketches\F3856266610E794D7B4EF7F584E67139/..\..\cores\450c9d60defc99c66b786c1c213a5ccb\core.a(main.cpp.o)
                0x10004554                _Z6__loopv
 .text.startup.main
                0x10004584      0x134 C:\Users\colin\AppData\Local\Temp\arduino\sketches\F3856266610E794D7B4EF7F584E67139/..\..\cores\450c9d60defc99c66b786c1c213a5ccb\core.a(main.cpp.o)
                0x10004584                main
 .text.__wrap___getreent
                0x100046b8       0x1c C:\Users\colin\AppData\Local\Temp\arduino\sketches\F3856266610E794D7B4EF7F584E67139/..\..\cores\450c9d60defc99c66b786c1c213a5ccb\core.a(main.cpp.o)
                0x100046b8                __wrap___getreent
 .text.startup._GLOBAL__sub_I_rp2040
                0x100046d4       0x28 C:\Users\colin\AppData\Local\Temp\arduino\sketches\F3856266610E794D7B4EF7F584E67139/..\..\cores\450c9d60defc99c66b786c1c213a5ccb\core.a(main.cpp.o)
 .text.__wrap_malloc
                0x100046fc       0x18 C:\Users\colin\AppData\Local\Temp\arduino\sketches\F3856266610E794D7B4EF7F584E67139/..\..\cores\450c9d60defc99c66b786c1c213a5ccb\core.a(malloc-lock.cpp.o)
                0x100046fc                __wrap_malloc
 .text.__wrap_calloc
                0x10004714       0x1c C:\Users\colin\AppData\Local\Temp\arduino\sketches\F3856266610E794D7B4EF7F584E67139/..\..\cores\450c9d60defc99c66b786c1c213a5ccb\core.a(malloc-lock.cpp.o)
                0x10004714                __wrap_calloc
 .text.__wrap_realloc
                0x10004730       0x1c C:\Users\colin\AppData\Local\Temp\arduino\sketches\F3856266610E794D7B4EF7F584E67139/..\..\cores\450c9d60defc99c66b786c1c213a5ccb\core.a(malloc-lock.cpp.o)
                0x10004730                __wrap_realloc
 .text.__wrap_free
                0x1000474c       0x14 C:\Users\colin\AppData\Local\Temp\arduino\sketches\F3856266610E794D7B4EF7F584E67139/..\..\cores\450c9d60defc99c66b786c1c213a5ccb\core.a(malloc-lock.cpp.o)
                0x1000474c                __wrap_free
 .text.__pinMode
                0x10004760       0xb0 C:\Users\colin\AppData\Local\Temp\arduino\sketches\F3856266610E794D7B4EF7F584E67139/..\..\cores\450c9d60defc99c66b786c1c213a5ccb\core.a(wiring_digital.cpp.o)
                0x10004760                pinMode
                0x10004760                __pinMode
 .text.__digitalWrite
                0x10004810       0x44 C:\Users\colin\AppData\Local\Temp\arduino\sketches\F3856266610E794D7B4EF7F584E67139/..\..\cores\450c9d60defc99c66b786c1c213a5ccb\core.a(wiring_digital.cpp.o)
                0x10004810                __digitalWrite
                0x10004810                digitalWrite
 .text.__digitalRead
                0x10004854       0x16 C:\Users\colin\AppData\Local\Temp\arduino\sketches\F3856266610E794D7B4EF7F584E67139/..\..\cores\450c9d60defc99c66b786c1c213a5ccb\core.a(wiring_digital.cpp.o)
                0x10004854                __digitalRead
                0x10004854                digitalRead
 *fill*         0x1000486a        0x2 
 .text.interrupts
                0x1000486c       0x30 C:\Users\colin\AppData\Local\Temp\arduino\sketches\F3856266610E794D7B4EF7F584E67139/..\..\cores\450c9d60defc99c66b786c1c213a5ccb\core.a(wiring_private.cpp.o)
                0x1000486c                interrupts
 .text.noInterrupts
                0x1000489c       0x3c C:\Users\colin\AppData\Local\Temp\arduino\sketches\F3856266610E794D7B4EF7F584E67139/..\..\cores\450c9d60defc99c66b786c1c213a5ccb\core.a(wiring_private.cpp.o)
                0x1000489c                noInterrupts
 .text.startup._GLOBAL__sub_I_interrupts
                0x100048d8       0x1c C:\Users\colin\AppData\Local\Temp\arduino\sketches\F3856266610E794D7B4EF7F584E67139/..\..\cores\450c9d60defc99c66b786c1c213a5ccb\core.a(wiring_private.cpp.o)
 .text._ZN9CoreMutexC2EP5mutexh
                0x100048f4       0x68 C:\Users\colin\AppData\Local\Temp\arduino\sketches\F3856266610E794D7B4EF7F584E67139/..\..\cores\450c9d60defc99c66b786c1c213a5ccb\core.a(CoreMutex.cpp.o)
                0x100048f4                _ZN9CoreMutexC1EP5mutexh
                0x100048f4                _ZN9CoreMutexC2EP5mutexh
 .text._ZN9CoreMutexD2Ev
                0x1000495c       0x44 C:\Users\colin\AppData\Local\Temp\arduino\sketches\F3856266610E794D7B4EF7F584E67139/..\..\cores\450c9d60defc99c66b786c1c213a5ccb\core.a(CoreMutex.cpp.o)
                0x1000495c                _ZN9CoreMutexD1Ev
                0x1000495c                _ZN9CoreMutexD2Ev
 .text._ZN10PIOProgramC2EPK11pio_program
                0x100049a0        0xc C:\Users\colin\AppData\Local\Temp\arduino\sketches\F3856266610E794D7B4EF7F584E67139/..\..\cores\450c9d60defc99c66b786c1c213a5ccb\core.a(PIOProgram.cpp.o)
                0x100049a0                _ZN10PIOProgramC2EPK11pio_program
                0x100049a0                _ZN10PIOProgramC1EPK11pio_program
 .text._ZN10PIOProgram7prepareEPP8pio_hw_tPiS3_
                0x100049ac      0x198 C:\Users\colin\AppData\Local\Temp\arduino\sketches\F3856266610E794D7B4EF7F584E67139/..\..\cores\450c9d60defc99c66b786c1c213a5ccb\core.a(PIOProgram.cpp.o)
                0x100049ac                _ZN10PIOProgram7prepareEPP8pio_hw_tPiS3_
 .text.startup._GLOBAL__sub_I__ZN10PIOProgramC2EPK11pio_program
                0x10004b44       0x2c C:\Users\colin\AppData\Local\Temp\arduino\sketches\F3856266610E794D7B4EF7F584E67139/..\..\cores\450c9d60defc99c66b786c1c213a5ccb\core.a(PIOProgram.cpp.o)
 .text._Z28__get_freertos_mutex_for_ptrP5mutexb
                0x10004b70       0x64 C:\Users\colin\AppData\Local\Temp\arduino\sketches\F3856266610E794D7B4EF7F584E67139/..\..\cores\450c9d60defc99c66b786c1c213a5ccb\core.a(_freertos.cpp.o)
                0x10004b70                _Z28__get_freertos_mutex_for_ptrP5mutexb
 .text._ZN7arduino6String10invalidateEv
                0x10004bd4       0x18 C:\Users\colin\AppData\Local\Temp\arduino\sketches\F3856266610E794D7B4EF7F584E67139/..\..\cores\450c9d60defc99c66b786c1c213a5ccb\core.a(String.cpp.o)
                0x10004bd4                _ZN7arduino6String10invalidateEv
 .text._ZN7arduino6String12changeBufferEj
                0x10004bec       0x18 C:\Users\colin\AppData\Local\Temp\arduino\sketches\F3856266610E794D7B4EF7F584E67139/..\..\cores\450c9d60defc99c66b786c1c213a5ccb\core.a(String.cpp.o)
                0x10004bec                _ZN7arduino6String12changeBufferEj
 .text._ZN7arduino6String7reserveEj
                0x10004c04       0x28 C:\Users\colin\AppData\Local\Temp\arduino\sketches\F3856266610E794D7B4EF7F584E67139/..\..\cores\450c9d60defc99c66b786c1c213a5ccb\core.a(String.cpp.o)
                0x10004c04                _ZN7arduino6String7reserveEj
 .text._ZN7arduino6String4copyEPKcj
                0x10004c2c       0x32 C:\Users\colin\AppData\Local\Temp\arduino\sketches\F3856266610E794D7B4EF7F584E67139/..\..\cores\450c9d60defc99c66b786c1c213a5ccb\core.a(String.cpp.o)
                0x10004c2c                _ZN7arduino6String4copyEPKcj
 .text._ZN7arduino6StringC2EPKc
                0x10004c5e       0x26 C:\Users\colin\AppData\Local\Temp\arduino\sketches\F3856266610E794D7B4EF7F584E67139/..\..\cores\450c9d60defc99c66b786c1c213a5ccb\core.a(String.cpp.o)
                0x10004c5e                _ZN7arduino6StringC2EPKc
                0x10004c5e                _ZN7arduino6StringC1EPKc
 .text._Z13__clearADCPinh
                0x10004c84       0x14 C:\Users\colin\AppData\Local\Temp\arduino\sketches\F3856266610E794D7B4EF7F584E67139/..\..\cores\450c9d60defc99c66b786c1c213a5ccb\core.a(wiring_analog.cpp.o)
                0x10004c84                _Z13__clearADCPinh
 .text.spin_locks_reset
                0x10004c98       0x1c C:\Users\colin\AppData\Local\Arduino15\packages\rp2040\hardware\rp2040\3.6.1/lib/libpico.a(sync.c.obj)
                0x10004c98                spin_locks_reset
 .text.next_striped_spin_lock_num
                0x10004cb4       0x18 C:\Users\colin\AppData\Local\Arduino15\packages\rp2040\hardware\rp2040\3.6.1/lib/libpico.a(sync.c.obj)
                0x10004cb4                next_striped_spin_lock_num
 .text.gpio_set_function
                0x10004ccc       0x2c C:\Users\colin\AppData\Local\Arduino15\packages\rp2040\hardware\rp2040\3.6.1/lib/libpico.a(gpio.c.obj)
                0x10004ccc                gpio_set_function
 .text.gpio_set_pulls
                0x10004cf8       0x24 C:\Users\colin\AppData\Local\Arduino15\packages\rp2040\hardware\rp2040\3.6.1/lib/libpico.a(gpio.c.obj)
                0x10004cf8                gpio_set_pulls
 .text.gpio_set_drive_strength
                0x10004d1c       0x20 C:\Users\colin\AppData\Local\Arduino15\packages\rp2040\hardware\rp2040\3.6.1/lib/libpico.a(gpio.c.obj)
                0x10004d1c                gpio_set_drive_strength
 .text.gpio_init
                0x10004d3c       0x16 C:\Users\colin\AppData\Local\Arduino15\packages\rp2040\hardware\rp2040\3.6.1/lib/libpico.a(gpio.c.obj)
                0x10004d3c                gpio_init
 *fill*         0x10004d52        0x2 
 .text.set_raw_irq_handler_and_unlock
                0x10004d54       0x28 C:\Users\colin\AppData\Local\Arduino15\packages\rp2040\hardware\rp2040\3.6.1/lib/libpico.a(irq.c.obj)
 .text.irq_is_enabled
                0x10004d7c       0x18 C:\Users\colin\AppData\Local\Arduino15\packages\rp2040\hardware\rp2040\3.6.1/lib/libpico.a(irq.c.obj)
                0x10004d7c                irq_is_enabled
 .text.irq_set_mask_enabled
                0x10004d94       0x20 C:\Users\colin\AppData\Local\Arduino15\packages\rp2040\hardware\rp2040\3.6.1/lib/libpico.a(irq.c.obj)
                0x10004d94                irq_set_mask_enabled
 .text.irq_set_enabled
                0x10004db4        0xe C:\Users\colin\AppData\Local\Arduino15\packages\rp2040\hardware\rp2040\3.6.1/lib/libpico.a(irq.c.obj)
                0x10004db4                irq_set_enabled
 *fill*         0x10004dc2        0x2 
 .text.irq_get_vtable_handler
                0x10004dc4       0x10 C:\Users\colin\AppData\Local\Arduino15\packages\rp2040\hardware\rp2040\3.6.1/lib/libpico.a(irq.c.obj)
                0x10004dc4                irq_get_vtable_handler
 .text.irq_set_exclusive_handler
                0x10004dd4       0x40 C:\Users\colin\AppData\Local\Arduino15\packages\rp2040\hardware\rp2040\3.6.1/lib/libpico.a(irq.c.obj)
                0x10004dd4                irq_set_exclusive_handler
 .text.irq_remove_handler
                0x10004e14      0x164 C:\Users\colin\AppData\Local\Arduino15\packages\rp2040\hardware\rp2040\3.6.1/lib/libpico.a(irq.c.obj)
                0x10004e14                irq_remove_handler
 .text.irq_add_tail_to_free_list
                0x10004f78       0xa0 C:\Users\colin\AppData\Local\Arduino15\packages\rp2040\hardware\rp2040\3.6.1/lib/libpico.a(irq.c.obj)
                0x10004f78                irq_add_tail_to_free_list
 .text.irq_init_priorities
                0x10005018       0x24 C:\Users\colin\AppData\Local\Arduino15\packages\rp2040\hardware\rp2040\3.6.1/lib/libpico.a(irq.c.obj)
                0x10005018                irq_init_priorities
 .text.mutex_init
                0x1000503c       0x1a C:\Users\colin\AppData\Local\Arduino15\packages\rp2040\hardware\rp2040\3.6.1/lib/libpico.a(mutex.c.obj)
                0x1000503c                mutex_init
 .text.recursive_mutex_init
                0x10005056       0x1a C:\Users\colin\AppData\Local\Arduino15\packages\rp2040\hardware\rp2040\3.6.1/lib/libpico.a(mutex.c.obj)
                0x10005056                recursive_mutex_init
 .text.time_reached
                0x10005070       0x28 C:\Users\colin\AppData\Local\Arduino15\packages\rp2040\hardware\rp2040\3.6.1/lib/libpico.a(time.c.obj)
 .text.timer_pool_entry_comparator
                0x10005098       0x30 C:\Users\colin\AppData\Local\Arduino15\packages\rp2040\hardware\rp2040\3.6.1/lib/libpico.a(time.c.obj)
                0x10005098                timer_pool_entry_comparator
 .text.alarm_pool_post_alloc_init
                0x100050c8       0x40 C:\Users\colin\AppData\Local\Arduino15\packages\rp2040\hardware\rp2040\3.6.1/lib/libpico.a(time.c.obj)
 .text.sleep_until_callback
                0x10005108       0x30 C:\Users\colin\AppData\Local\Arduino15\packages\rp2040\hardware\rp2040\3.6.1/lib/libpico.a(time.c.obj)
 .text.ph_add_child_node.isra.0
                0x10005138       0x20 C:\Users\colin\AppData\Local\Arduino15\packages\rp2040\hardware\rp2040\3.6.1/lib/libpico.a(time.c.obj)
 .text.add_alarm_under_lock
                0x10005158       0xcc C:\Users\colin\AppData\Local\Arduino15\packages\rp2040\hardware\rp2040\3.6.1/lib/libpico.a(time.c.obj)
 .text.alarm_pool_alarm_callback
                0x10005224      0x18c C:\Users\colin\AppData\Local\Arduino15\packages\rp2040\hardware\rp2040\3.6.1/lib/libpico.a(time.c.obj)
 .text.alarm_pool_init_default
                0x100053b0       0x3c C:\Users\colin\AppData\Local\Arduino15\packages\rp2040\hardware\rp2040\3.6.1/lib/libpico.a(time.c.obj)
                0x100053b0                alarm_pool_init_default
 .text.alarm_pool_add_alarm_at
                0x100053ec       0xd4 C:\Users\colin\AppData\Local\Arduino15\packages\rp2040\hardware\rp2040\3.6.1/lib/libpico.a(time.c.obj)
                0x100053ec                alarm_pool_add_alarm_at
 .text.sleep_until
                0x100054c0       0x98 C:\Users\colin\AppData\Local\Arduino15\packages\rp2040\hardware\rp2040\3.6.1/lib/libpico.a(time.c.obj)
                0x100054c0                sleep_until
 .text.sleep_us
                0x10005558       0x28 C:\Users\colin\AppData\Local\Arduino15\packages\rp2040\hardware\rp2040\3.6.1/lib/libpico.a(time.c.obj)
                0x10005558                sleep_us
 .text.sleep_ms
                0x10005580       0x14 C:\Users\colin\AppData\Local\Arduino15\packages\rp2040\hardware\rp2040\3.6.1/lib/libpico.a(time.c.obj)
                0x10005580                sleep_ms
 .text.hardware_alarm_irq_handler
                0x10005594       0xac C:\Users\colin\AppData\Local\Arduino15\packages\rp2040\hardware\rp2040\3.6.1/lib/libpico.a(timer.c.obj)
 .text.hardware_alarm_claim
                0x10005640       0x18 C:\Users\colin\AppData\Local\Arduino15\packages\rp2040\hardware\rp2040\3.6.1/lib/libpico.a(timer.c.obj)
                0x10005640                hardware_alarm_claim
 .text.time_us_64
                0x10005658       0x14 C:\Users\colin\AppData\Local\Arduino15\packages\rp2040\hardware\rp2040\3.6.1/lib/libpico.a(timer.c.obj)
                0x10005658                time_us_64
 .text.busy_wait_until
                0x1000566c       0x1c C:\Users\colin\AppData\Local\Arduino15\packages\rp2040\hardware\rp2040\3.6.1/lib/libpico.a(timer.c.obj)
                0x1000566c                busy_wait_until
 .text.hardware_alarm_set_callback
                0x10005688       0x9c C:\Users\colin\AppData\Local\Arduino15\packages\rp2040\hardware\rp2040\3.6.1/lib/libpico.a(timer.c.obj)
                0x10005688                hardware_alarm_set_callback
 .text.hardware_alarm_set_target
                0x10005724       0xc0 C:\Users\colin\AppData\Local\Arduino15\packages\rp2040\hardware\rp2040\3.6.1/lib/libpico.a(timer.c.obj)
                0x10005724                hardware_alarm_set_target
 .text.hardware_alarm_cancel
                0x100057e4       0x40 C:\Users\colin\AppData\Local\Arduino15\packages\rp2040\hardware\rp2040\3.6.1/lib/libpico.a(timer.c.obj)
                0x100057e4                hardware_alarm_cancel
 .text.ph_add_child_node.isra.0
                0x10005824       0x20 C:\Users\colin\AppData\Local\Arduino15\packages\rp2040\hardware\rp2040\3.6.1/lib/libpico.a(pheap.c.obj)
 .text.ph_merge_nodes
                0x10005844       0x36 C:\Users\colin\AppData\Local\Arduino15\packages\rp2040\hardware\rp2040\3.6.1/lib/libpico.a(pheap.c.obj)
 .text.ph_clear
                0x1000587a       0x34 C:\Users\colin\AppData\Local\Arduino15\packages\rp2040\hardware\rp2040\3.6.1/lib/libpico.a(pheap.c.obj)
                0x1000587a                ph_clear
 .text.ph_post_alloc_init
                0x100058ae        0xe C:\Users\colin\AppData\Local\Arduino15\packages\rp2040\hardware\rp2040\3.6.1/lib/libpico.a(pheap.c.obj)
                0x100058ae                ph_post_alloc_init
 .text.ph_merge_two_pass
                0x100058bc       0x48 C:\Users\colin\AppData\Local\Arduino15\packages\rp2040\hardware\rp2040\3.6.1/lib/libpico.a(pheap.c.obj)
                0x100058bc                ph_merge_two_pass
 .text.ph_remove_any_head
                0x10005904       0x52 C:\Users\colin\AppData\Local\Arduino15\packages\rp2040\hardware\rp2040\3.6.1/lib/libpico.a(pheap.c.obj)
 .text.ph_remove_head
                0x10005956       0x14 C:\Users\colin\AppData\Local\Arduino15\packages\rp2040\hardware\rp2040\3.6.1/lib/libpico.a(pheap.c.obj)
                0x10005956                ph_remove_head
 .text.ph_remove_and_free_node
                0x1000596a       0x6e C:\Users\colin\AppData\Local\Arduino15\packages\rp2040\hardware\rp2040\3.6.1/lib/libpico.a(pheap.c.obj)
                0x1000596a                ph_remove_and_free_node
 .text.queue_init_with_spinlock
                0x100059d8       0x22 C:\Users\colin\AppData\Local\Arduino15\packages\rp2040\hardware\rp2040\3.6.1/lib/libpico.a(queue.c.obj)
                0x100059d8                queue_init_with_spinlock
 *fill*         0x100059fa        0x2 
 .text.clock_configure
                0x100059fc       0xec C:\Users\colin\AppData\Local\Arduino15\packages\rp2040\hardware\rp2040\3.6.1/lib/libpico.a(clocks.c.obj)
                0x100059fc                clock_configure
 .text.clocks_init
                0x10005ae8       0xf4 C:\Users\colin\AppData\Local\Arduino15\packages\rp2040\hardware\rp2040\3.6.1/lib/libpico.a(clocks.c.obj)
                0x10005ae8                clocks_init
 .text.pll_init
                0x10005bdc       0x9c C:\Users\colin\AppData\Local\Arduino15\packages\rp2040\hardware\rp2040\3.6.1/lib/libpico.a(pll.c.obj)
                0x10005bdc                pll_init
 .text.watchdog_start_tick
                0x10005c78       0x10 C:\Users\colin\AppData\Local\Arduino15\packages\rp2040\hardware\rp2040\3.6.1/lib/libpico.a(watchdog.c.obj)
                0x10005c78                watchdog_start_tick
 .text.xosc_init
                0x10005c88       0x28 C:\Users\colin\AppData\Local\Arduino15\packages\rp2040\hardware\rp2040\3.6.1/lib/libpico.a(xosc.c.obj)
                0x10005c88                xosc_init
 .text.dma_claim_unused_channel
                0x10005cb0       0x20 C:\Users\colin\AppData\Local\Arduino15\packages\rp2040\hardware\rp2040\3.6.1/lib/libpico.a(dma.c.obj)
                0x10005cb0                dma_claim_unused_channel
 .text.exception_get_vtable_handler
                0x10005cd0       0x10 C:\Users\colin\AppData\Local\Arduino15\packages\rp2040\hardware\rp2040\3.6.1/lib/libpico.a(exception.c.obj)
                0x10005cd0                exception_get_vtable_handler
 .text.exception_set_exclusive_handler
                0x10005ce0       0x48 C:\Users\colin\AppData\Local\Arduino15\packages\rp2040\hardware\rp2040\3.6.1/lib/libpico.a(exception.c.obj)
                0x10005ce0                exception_set_exclusive_handler
 .text._pio_find_offset_for_program.isra.0
                0x10005d28       0x48 C:\Users\colin\AppData\Local\Arduino15\packages\rp2040\hardware\rp2040\3.6.1/lib/libpico.a(pio.c.obj)
 .text._pio_add_program_at_offset
                0x10005d70       0x84 C:\Users\colin\AppData\Local\Arduino15\packages\rp2040\hardware\rp2040\3.6.1/lib/libpico.a(pio.c.obj)
 .text.pio_claim_unused_sm
                0x10005df4       0x34 C:\Users\colin\AppData\Local\Arduino15\packages\rp2040\hardware\rp2040\3.6.1/lib/libpico.a(pio.c.obj)
                0x10005df4                pio_claim_unused_sm
 .text.pio_can_add_program
                0x10005e28       0x2a C:\Users\colin\AppData\Local\Arduino15\packages\rp2040\hardware\rp2040\3.6.1/lib/libpico.a(pio.c.obj)
                0x10005e28                pio_can_add_program
 *fill*         0x10005e52        0x2 
 .text.pio_add_program
                0x10005e54       0x3c C:\Users\colin\AppData\Local\Arduino15\packages\rp2040\hardware\rp2040\3.6.1/lib/libpico.a(pio.c.obj)
                0x10005e54                pio_add_program
 .text.pio_sm_set_consecutive_pindirs
                0x10005e90       0x94 C:\Users\colin\AppData\Local\Arduino15\packages\rp2040\hardware\rp2040\3.6.1/lib/libpico.a(pio.c.obj)
                0x10005e90                pio_sm_set_consecutive_pindirs
 .text.pio_sm_init
                0x10005f24       0x8c C:\Users\colin\AppData\Local\Arduino15\packages\rp2040\hardware\rp2040\3.6.1/lib/libpico.a(pio.c.obj)
                0x10005f24                pio_sm_init
 .text          0x10005fb0       0x10 C:\Users\colin\AppData\Local\Arduino15\packages\rp2040\hardware\rp2040\3.6.1/lib/libpico.a(bit_ops_aeabi.S.obj)
 .text.__wrap___aeabi_darithmetic
                0x10005fc0       0x80 C:\Users\colin\AppData\Local\Arduino15\packages\rp2040\hardware\rp2040\3.6.1/lib/libpico.a(double_aeabi.S.obj)
                0x10005fc0                __wrap___aeabi_drsub
                0x10005fc6                __wrap___aeabi_dsub
                0x10005fd8                __wrap___aeabi_dadd
                0x10005fea                __wrap___aeabi_ddiv
                0x10006026                __wrap___aeabi_dmul
 .text.__wrap___aeabi_cdcmple
                0x10006040       0x6c C:\Users\colin\AppData\Local\Arduino15\packages\rp2040\hardware\rp2040\3.6.1/lib/libpico.a(double_aeabi.S.obj)
                0x10006040                __wrap___aeabi_cdrcmple
                0x10006050                __wrap___aeabi_cdcmpeq
                0x10006050                __wrap___aeabi_cdcmple
 .text.__wrap___aeabi_dcmpeq
                0x100060ac       0x10 C:\Users\colin\AppData\Local\Arduino15\packages\rp2040\hardware\rp2040\3.6.1/lib/libpico.a(double_aeabi.S.obj)
                0x100060ac                __wrap___aeabi_dcmpeq
 .text.__wrap___aeabi_dcmplt
                0x100060bc        0xc C:\Users\colin\AppData\Local\Arduino15\packages\rp2040\hardware\rp2040\3.6.1/lib/libpico.a(double_aeabi.S.obj)
                0x100060bc                __wrap___aeabi_dcmplt
 .text.__wrap___aeabi_dcmple
                0x100060c8       0x10 C:\Users\colin\AppData\Local\Arduino15\packages\rp2040\hardware\rp2040\3.6.1/lib/libpico.a(double_aeabi.S.obj)
                0x100060c8                __wrap___aeabi_dcmple
 .text.__wrap___aeabi_dcmpge
                0x100060d8       0x10 C:\Users\colin\AppData\Local\Arduino15\packages\rp2040\hardware\rp2040\3.6.1/lib/libpico.a(double_aeabi.S.obj)
                0x100060d8                __wrap___aeabi_dcmpge
 .text.__wrap___aeabi_dcmpgt
                0x100060e8        0xa C:\Users\colin\AppData\Local\Arduino15\packages\rp2040\hardware\rp2040\3.6.1/lib/libpico.a(double_aeabi.S.obj)
                0x100060e8                __wrap___aeabi_dcmpgt
 .text.__wrap___aeabi_dcmpun
                0x100060f2       0x1c C:\Users\colin\AppData\Local\Arduino15\packages\rp2040\hardware\rp2040\3.6.1/lib/libpico.a(double_aeabi.S.obj)
                0x100060f2                __wrap___aeabi_dcmpun
 *fill*         0x1000610e        0x2 
 .text.__wrap___aeabi_i2d
                0x10006110       0x38 C:\Users\colin\AppData\Local\Arduino15\packages\rp2040\hardware\rp2040\3.6.1/lib/libpico.a(double_aeabi.S.obj)
                0x10006110                __wrap___aeabi_ui2d
                0x10006118                __wrap___aeabi_i2d
 .text.__wrap___aeabi_d2iz
                0x10006148       0x48 C:\Users\colin\AppData\Local\Arduino15\packages\rp2040\hardware\rp2040\3.6.1/lib/libpico.a(double_aeabi.S.obj)
                0x10006148                double2int_z
                0x10006148                __wrap___aeabi_d2iz
 .text.__wrap___aeabi_d2uiz
                0x10006190       0x18 C:\Users\colin\AppData\Local\Arduino15\packages\rp2040\hardware\rp2040\3.6.1/lib/libpico.a(double_aeabi.S.obj)
                0x10006190                __wrap___aeabi_d2uiz
                0x10006190                double2uint
 .text.__wrap___aeabi_l2d
                0x100061a8       0x18 C:\Users\colin\AppData\Local\Arduino15\packages\rp2040\hardware\rp2040\3.6.1/lib/libpico.a(double_aeabi.S.obj)
                0x100061a8                __wrap___aeabi_l2d
 .text.__wrap___aeabi_d2lz
                0x100061c0       0x26 C:\Users\colin\AppData\Local\Arduino15\packages\rp2040\hardware\rp2040\3.6.1/lib/libpico.a(double_aeabi.S.obj)
                0x100061c0                double2int64_z
                0x100061c0                __wrap___aeabi_d2lz
 *fill*         0x100061e6        0x2 
 .text.double2int64
                0x100061e8       0x18 C:\Users\colin\AppData\Local\Arduino15\packages\rp2040\hardware\rp2040\3.6.1/lib/libpico.a(double_aeabi.S.obj)
                0x100061e8                double2int64
 .text.double2ufix64
                0x10006200       0x18 C:\Users\colin\AppData\Local\Arduino15\packages\rp2040\hardware\rp2040\3.6.1/lib/libpico.a(double_aeabi.S.obj)
                0x10006200                double2ufix64
 .text.__wrap___aeabi_d2f
                0x10006218       0x18 C:\Users\colin\AppData\Local\Arduino15\packages\rp2040\hardware\rp2040\3.6.1/lib/libpico.a(double_aeabi.S.obj)
                0x10006218                __wrap___aeabi_d2f
 .text.__aeabi_double_init
                0x10006230       0x58 C:\Users\colin\AppData\Local\Arduino15\packages\rp2040\hardware\rp2040\3.6.1/lib/libpico.a(double_init_rom.c.obj)
                0x10006230                __aeabi_double_init
 .text.double_table_shim_on_use_helper
                0x10006288       0x2c C:\Users\colin\AppData\Local\Arduino15\packages\rp2040\hardware\rp2040\3.6.1/lib/libpico.a(double_v1_rom_shim.S.obj)
                0x10006288                double_table_shim_on_use_helper
 .text.__wrap___aeabi_dsub
                0x100062b4       0x10 C:\Users\colin\AppData\Local\Arduino15\packages\rp2040\hardware\rp2040\3.6.1/lib/libpico.a(double_v1_rom_shim.S.obj)
                0x100062b4                drsub_shim
                0x100062ba                dsub_shim
 .text.dadd_shim
                0x100062c4      0x15c C:\Users\colin\AppData\Local\Arduino15\packages\rp2040\hardware\rp2040\3.6.1/lib/libpico.a(double_v1_rom_shim.S.obj)
                0x100062c4                dadd_shim
 .text.dmul_shim
                0x10006420      0x15c C:\Users\colin\AppData\Local\Arduino15\packages\rp2040\hardware\rp2040\3.6.1/lib/libpico.a(double_v1_rom_shim.S.obj)
                0x10006420                dmul_shim
 .text.ddiv_shim
                0x1000657c      0x1b0 C:\Users\colin\AppData\Local\Arduino15\packages\rp2040\hardware\rp2040\3.6.1/lib/libpico.a(double_v1_rom_shim.S.obj)
                0x1000657c                ddiv_shim
 .text.double2uint_shim
                0x1000672c        0xe C:\Users\colin\AppData\Local\Arduino15\packages\rp2040\hardware\rp2040\3.6.1/lib/libpico.a(double_v1_rom_shim.S.obj)
                0x1000672c                double2uint_shim
                0x1000672e                double2ufix_shim
 .text.double2int64_shim
                0x1000673a       0x1a C:\Users\colin\AppData\Local\Arduino15\packages\rp2040\hardware\rp2040\3.6.1/lib/libpico.a(double_v1_rom_shim.S.obj)
                0x1000673a                double2int64_shim
                0x1000673c                double2fix64_shim
 .text.double2uint64_shim
                0x10006754       0x70 C:\Users\colin\AppData\Local\Arduino15\packages\rp2040\hardware\rp2040\3.6.1/lib/libpico.a(double_v1_rom_shim.S.obj)
                0x10006754                double2uint64_shim
                0x10006756                double2ufix64_shim
                0x10006776                d2fix_a
 .text.double2float_shim
                0x100067c4       0x5c C:\Users\colin\AppData\Local\Arduino15\packages\rp2040\hardware\rp2040\3.6.1/lib/libpico.a(double_v1_rom_shim.S.obj)
                0x100067c4                double2float_shim
 .text.x2double_shims
                0x10006820       0x90 C:\Users\colin\AppData\Local\Arduino15\packages\rp2040\hardware\rp2040\3.6.1/lib/libpico.a(double_v1_rom_shim.S.obj)
                0x10006820                uint2double_shim
                0x10006822                ufix2double_shim
                0x10006828                int2double_shim
                0x1000682a                fix2double_shim
                0x10006830                uint642double_shim
                0x10006832                ufix642double_shim
                0x10006838                int642double_shim
                0x1000683a                fix642double_shim
 .text.dunpacks
                0x100068b0       0x3c C:\Users\colin\AppData\Local\Arduino15\packages\rp2040\hardware\rp2040\3.6.1/lib/libpico.a(double_v1_rom_shim.S.obj)
                0x100068b0                dunpacks
 .text.__wrap___aeabi_cfcmple
                0x100068ec       0x50 C:\Users\colin\AppData\Local\Arduino15\packages\rp2040\hardware\rp2040\3.6.1/lib/libpico.a(float_aeabi.S.obj)
                0x100068ec                __wrap___aeabi_cfrcmple
                0x100068f8                __wrap___aeabi_cfcmple
                0x100068f8                __wrap___aeabi_cfcmpeq
 .text.__wrap___aeabi_fcmple
                0x1000693c       0x10 C:\Users\colin\AppData\Local\Arduino15\packages\rp2040\hardware\rp2040\3.6.1/lib/libpico.a(float_aeabi.S.obj)
                0x1000693c                __wrap___aeabi_fcmple
 .text.__wrap___aeabi_fcmpun
                0x1000694c       0x18 C:\Users\colin\AppData\Local\Arduino15\packages\rp2040\hardware\rp2040\3.6.1/lib/libpico.a(float_aeabi.S.obj)
                0x1000694c                __wrap___aeabi_fcmpun
 .text.__aeabi_float_init
                0x10006964       0x5c C:\Users\colin\AppData\Local\Arduino15\packages\rp2040\hardware\rp2040\3.6.1/lib/libpico.a(float_init_rom.c.obj)
                0x10006964                __aeabi_float_init
 .text.float_table_shim_on_use_helper
                0x100069c0       0x2c C:\Users\colin\AppData\Local\Arduino15\packages\rp2040\hardware\rp2040\3.6.1/lib/libpico.a(float_v1_rom_shim.S.obj)
                0x100069c0                float_table_shim_on_use_helper
 .text.__aeabi_lmul
                0x100069ec       0x32 C:\Users\colin\AppData\Local\Arduino15\packages\rp2040\hardware\rp2040\3.6.1/lib/libpico.a(pico_int64_ops_aeabi.S.obj)
                0x100069ec                __wrap___aeabi_lmul
 *fill*         0x10006a1e        0x2 
 .text          0x10006a20       0x10 C:\Users\colin\AppData\Local\Arduino15\packages\rp2040\hardware\rp2040\3.6.1/lib/libpico.a(mem_ops_aeabi.S.obj)
                0x10006a20                __aeabi_mem_init
 .text.memset   0x10006a30        0xc C:\Users\colin\AppData\Local\Arduino15\packages\rp2040\hardware\rp2040\3.6.1/lib/libpico.a(mem_ops_aeabi.S.obj)
                0x10006a30                __wrap_memset
 .text.memcpy   0x10006a3c        0xc C:\Users\colin\AppData\Local\Arduino15\packages\rp2040\hardware\rp2040\3.6.1/lib/libpico.a(mem_ops_aeabi.S.obj)
                0x10006a3c                __wrap_memcpy
                0x10006a3c                __wrap___aeabi_memcpy
 .text.multicore_fifo_pop_blocking_inline
                0x10006a48       0x14 C:\Users\colin\AppData\Local\Arduino15\packages\rp2040\hardware\rp2040\3.6.1/lib/libpico.a(multicore.c.obj)
 .text.core1_trampoline
                0x10006a5c        0x2 C:\Users\colin\AppData\Local\Arduino15\packages\rp2040\hardware\rp2040\3.6.1/lib/libpico.a(multicore.c.obj)
 .text.core1_wrapper
                0x10006a5e        0xc C:\Users\colin\AppData\Local\Arduino15\packages\rp2040\hardware\rp2040\3.6.1/lib/libpico.a(multicore.c.obj)
                0x10006a5e                core1_wrapper
 .text.multicore_fifo_push_blocking_inline
                0x10006a6a       0x12 C:\Users\colin\AppData\Local\Arduino15\packages\rp2040\hardware\rp2040\3.6.1/lib/libpico.a(multicore.c.obj)
 .text.multicore_fifo_pop_blocking
                0x10006a7c        0x8 C:\Users\colin\AppData\Local\Arduino15\packages\rp2040\hardware\rp2040\3.6.1/lib/libpico.a(multicore.c.obj)
                0x10006a7c                multicore_fifo_pop_blocking
 .text.multicore_launch_core1_raw
                0x10006a84       0x6a C:\Users\colin\AppData\Local\Arduino15\packages\rp2040\hardware\rp2040\3.6.1/lib/libpico.a(multicore.c.obj)
                0x10006a84                multicore_launch_core1_raw
 *fill*         0x10006aee        0x2 
 .text.multicore_launch_core1_with_stack
                0x10006af0       0x34 C:\Users\colin\AppData\Local\Arduino15\packages\rp2040\hardware\rp2040\3.6.1/lib/libpico.a(multicore.c.obj)
                0x10006af0                multicore_launch_core1_with_stack
 .text.multicore_launch_core1
                0x10006b24       0x20 C:\Users\colin\AppData\Local\Arduino15\packages\rp2040\hardware\rp2040\3.6.1/lib/libpico.a(multicore.c.obj)
                0x10006b24                multicore_launch_core1
 .text.startup._retrieve_unique_id_on_boot
                0x10006b44       0x10 C:\Users\colin\AppData\Local\Arduino15\packages\rp2040\hardware\rp2040\3.6.1/lib/libpico.a(unique_id.c.obj)
 .text.runtime_init
                0x10006b54       0xcc C:\Users\colin\AppData\Local\Arduino15\packages\rp2040\hardware\rp2040\3.6.1/lib/libpico.a(runtime.c.obj)
                0x10006b54                runtime_init
 .text._exit    0x10006c20        0x4 C:\Users\colin\AppData\Local\Arduino15\packages\rp2040\hardware\rp2040\3.6.1/lib/libpico.a(runtime.c.obj)
                0x10006c20                _exit
 .text._sbrk    0x10006c24       0x30 C:\Users\colin\AppData\Local\Arduino15\packages\rp2040\hardware\rp2040\3.6.1/lib/libpico.a(runtime.c.obj)
                0x10006c24                _sbrk
 .text.exit     0x10006c54        0x6 C:\Users\colin\AppData\Local\Arduino15\packages\rp2040\hardware\rp2040\3.6.1/lib/libpico.a(runtime.c.obj)
                0x10006c54                exit
 *fill*         0x10006c5a        0x2 
 .text.__assert_func
                0x10006c5c       0x34 C:\Users\colin\AppData\Local\Arduino15\packages\rp2040\hardware\rp2040\3.6.1/lib/libpico.a(runtime.c.obj)
                0x10006c5c                __assert_func
 .text.panic    0x10006c90       0x30 C:\Users\colin\AppData\Local\Arduino15\packages\rp2040\hardware\rp2040\3.6.1/lib/libpico.a(runtime.c.obj)
                0x10006c90                panic
 .text.hard_assertion_failure
                0x10006cc0        0xc C:\Users\colin\AppData\Local\Arduino15\packages\rp2040\hardware\rp2040\3.6.1/lib/libpico.a(runtime.c.obj)
                0x10006cc0                hard_assertion_failure
 .text._Znwj    0x10006ccc        0x8 C:\Users\colin\AppData\Local\Arduino15\packages\rp2040\hardware\rp2040\3.6.1/lib/libpico.a(new_delete.cpp.obj)
                0x10006ccc                _Znwj
 .text.set_sys_clock_pll
                0x10006cd4       0x78 C:\Users\colin\AppData\Local\Arduino15\packages\rp2040\hardware\rp2040\3.6.1/lib/libpico.a(stdlib.c.obj)
                0x10006cd4                set_sys_clock_pll
 .text.check_sys_clock_khz
                0x10006d4c       0x78 C:\Users\colin\AppData\Local\Arduino15\packages\rp2040\hardware\rp2040\3.6.1/lib/libpico.a(stdlib.c.obj)
                0x10006d4c                check_sys_clock_khz
 .text.running_on_fpga
                0x10006dc4       0x10 C:\Users\colin\AppData\Local\Arduino15\packages\rp2040\hardware\rp2040\3.6.1/lib/libpico.a(platform.c.obj)
                0x10006dc4                running_on_fpga
 .text.hw_claim_lock
                0x10006dd4       0x18 C:\Users\colin\AppData\Local\Arduino15\packages\rp2040\hardware\rp2040\3.6.1/lib/libpico.a(claim.c.obj)
                0x10006dd4                hw_claim_lock
 .text.hw_claim_unlock
                0x10006dec       0x14 C:\Users\colin\AppData\Local\Arduino15\packages\rp2040\hardware\rp2040\3.6.1/lib/libpico.a(claim.c.obj)
                0x10006dec                hw_claim_unlock
 .text.hw_is_claimed
                0x10006e00       0x16 C:\Users\colin\AppData\Local\Arduino15\packages\rp2040\hardware\rp2040\3.6.1/lib/libpico.a(claim.c.obj)
                0x10006e00                hw_is_claimed
 .text.hw_claim_or_assert
                0x10006e16       0x3a C:\Users\colin\AppData\Local\Arduino15\packages\rp2040\hardware\rp2040\3.6.1/lib/libpico.a(claim.c.obj)
                0x10006e16                hw_claim_or_assert
 .text.hw_claim_unused_from_range
                0x10006e50       0x52 C:\Users\colin\AppData\Local\Arduino15\packages\rp2040\hardware\rp2040\3.6.1/lib/libpico.a(claim.c.obj)
                0x10006e50                hw_claim_unused_from_range
 *fill*         0x10006ea2        0x2 
 .text.lock_init
                0x10006ea4       0x10 C:\Users\colin\AppData\Local\Arduino15\packages\rp2040\hardware\rp2040\3.6.1/lib/libpico.a(lock_core.c.obj)
                0x10006ea4                lock_init
 .text.flash_get_unique_id
                0x10006eb4       0x42 C:\Users\colin\AppData\Local\Arduino15\packages\rp2040\hardware\rp2040\3.6.1/lib/libpico.a(flash.c.obj)
                0x10006eb4                flash_get_unique_id
 .text.rom_func_lookup
                0x10006ef6       0x10 C:\Users\colin\AppData\Local\Arduino15\packages\rp2040\hardware\rp2040\3.6.1/lib/libpico.a(bootrom.c.obj)
                0x10006ef6                rom_func_lookup
 .text.rom_data_lookup
                0x10006f06       0x10 C:\Users\colin\AppData\Local\Arduino15\packages\rp2040\hardware\rp2040\3.6.1/lib/libpico.a(bootrom.c.obj)
                0x10006f06                rom_data_lookup
 .text.rom_funcs_lookup
                0x10006f16       0x26 C:\Users\colin\AppData\Local\Arduino15\packages\rp2040\hardware\rp2040\3.6.1/lib/libpico.a(bootrom.c.obj)
                0x10006f16                rom_funcs_lookup
 .text._ZStL23local_Rb_tree_decrementPSt18_Rb_tree_node_base
                0x10006f3c       0x32 c:/users/colin/appdata/local/arduino15/packages/rp2040/tools/pqt-gcc/2.1.0-a-d3d2e6b/bin/../lib/gcc/arm-none-eabi/12.3.0/../../../../arm-none-eabi/lib/thumb\libstdc++.a(tree.o)
 .text._ZStL25local_Rb_tree_rotate_leftPSt18_Rb_tree_node_baseRS0_
                0x10006f6e       0x2e c:/users/colin/appdata/local/arduino15/packages/rp2040/tools/pqt-gcc/2.1.0-a-d3d2e6b/bin/../lib/gcc/arm-none-eabi/12.3.0/../../../../arm-none-eabi/lib/thumb\libstdc++.a(tree.o)
 .text._ZStL26local_Rb_tree_rotate_rightPSt18_Rb_tree_node_baseRS0_
                0x10006f9c       0x2e c:/users/colin/appdata/local/arduino15/packages/rp2040/tools/pqt-gcc/2.1.0-a-d3d2e6b/bin/../lib/gcc/arm-none-eabi/12.3.0/../../../../arm-none-eabi/lib/thumb\libstdc++.a(tree.o)
 .text._ZSt18_Rb_tree_decrementPSt18_Rb_tree_node_base
                0x10006fca        0x8 c:/users/colin/appdata/local/arduino15/packages/rp2040/tools/pqt-gcc/2.1.0-a-d3d2e6b/bin/../lib/gcc/arm-none-eabi/12.3.0/../../../../arm-none-eabi/lib/thumb\libstdc++.a(tree.o)
                0x10006fca                _ZSt18_Rb_tree_decrementPSt18_Rb_tree_node_base
 .text._ZSt29_Rb_tree_insert_and_rebalancebPSt18_Rb_tree_node_baseS0_RS_
                0x10006fd2       0xc6 c:/users/colin/appdata/local/arduino15/packages/rp2040/tools/pqt-gcc/2.1.0-a-d3d2e6b/bin/../lib/gcc/arm-none-eabi/12.3.0/../../../../arm-none-eabi/lib/thumb\libstdc++.a(tree.o)
                0x10006fd2                _ZSt29_Rb_tree_insert_and_rebalancebPSt18_Rb_tree_node_baseS0_RS_
 .text          0x10007098       0x14 c:/users/colin/appdata/local/arduino15/packages/rp2040/tools/pqt-gcc/2.1.0-a-d3d2e6b/bin/../lib/gcc/arm-none-eabi/12.3.0/../../../../arm-none-eabi/lib/thumb\libc.a(lib_a-calloc.o)
                0x10007098                calloc
 .text          0x100070ac       0x9a c:/users/colin/appdata/local/arduino15/packages/rp2040/tools/pqt-gcc/2.1.0-a-d3d2e6b/bin/../lib/gcc/arm-none-eabi/12.3.0/../../../../arm-none-eabi/lib/thumb\libc.a(lib_a-callocr.o)
                0x100070ac                _calloc_r
 .text          0x10007146        0x8 c:/users/colin/appdata/local/arduino15/packages/rp2040/tools/pqt-gcc/2.1.0-a-d3d2e6b/bin/../lib/gcc/arm-none-eabi/12.3.0/../../../../arm-none-eabi/lib/thumb\libc.a(lib_a-errno.o)
                0x10007146                __errno
 *fill*         0x1000714e        0x2 
 .text          0x10007150      0x238 c:/users/colin/appdata/local/arduino15/packages/rp2040/tools/pqt-gcc/2.1.0-a-d3d2e6b/bin/../lib/gcc/arm-none-eabi/12.3.0/../../../../arm-none-eabi/lib/thumb\libc.a(lib_a-findfp.o)
                0x10007198                _cleanup_r
                0x100071d8                __sfmoreglue
                0x10007204                _cleanup
                0x10007214                __sfp_lock_acquire
                0x10007224                __sfp_lock_release
                0x10007234                __sinit_lock_acquire
                0x10007244                __sinit_lock_release
                0x10007254                __sinit
                0x100072c8                __sfp
                0x10007358                __fp_lock_all
                0x10007370                __fp_unlock_all
 .text          0x10007388       0x70 c:/users/colin/appdata/local/arduino15/packages/rp2040/tools/pqt-gcc/2.1.0-a-d3d2e6b/bin/../lib/gcc/arm-none-eabi/12.3.0/../../../../arm-none-eabi/lib/thumb\libc.a(lib_a-fwalk.o)
                0x10007388                _fwalk
                0x100073be                _fwalk_reent
 .text          0x100073f8       0x20 c:/users/colin/appdata/local/arduino15/packages/rp2040/tools/pqt-gcc/2.1.0-a-d3d2e6b/bin/../lib/gcc/arm-none-eabi/12.3.0/../../../../arm-none-eabi/lib/thumb\libc.a(lib_a-malloc.o)
                0x100073f8                malloc
                0x10007408                free
 .text          0x10007418      0x430 c:/users/colin/appdata/local/arduino15/packages/rp2040/tools/pqt-gcc/2.1.0-a-d3d2e6b/bin/../lib/gcc/arm-none-eabi/12.3.0/../../../../arm-none-eabi/lib/thumb\libc.a(lib_a-mallocr.o)
                0x10007418                _malloc_r
 .text          0x10007848       0x20 c:/users/colin/appdata/local/arduino15/packages/rp2040/tools/pqt-gcc/2.1.0-a-d3d2e6b/bin/../lib/gcc/arm-none-eabi/12.3.0/../../../../arm-none-eabi/lib/thumb\libc.a(lib_a-mlock.o)
                0x10007848                __malloc_lock
                0x10007858                __malloc_unlock
 .text          0x10007868      0x5c4 c:/users/colin/appdata/local/arduino15/packages/rp2040/tools/pqt-gcc/2.1.0-a-d3d2e6b/bin/../lib/gcc/arm-none-eabi/12.3.0/../../../../arm-none-eabi/lib/thumb\libc.a(lib_a-nano-vfprintf_float.o)
                0x10007868                __cvt
                0x1000793c                __exponent
                0x100079bc                _printf_float
 .text          0x10007e2c      0x428 c:/users/colin/appdata/local/arduino15/packages/rp2040/tools/pqt-gcc/2.1.0-a-d3d2e6b/bin/../lib/gcc/arm-none-eabi/12.3.0/../../../../arm-none-eabi/lib/thumb\libc.a(lib_a-nano-vfprintf_i.o)
                0x10007e2c                _printf_common
                0x10007f0a                _printf_i
 .text          0x10008254      0x41c c:/users/colin/appdata/local/arduino15/packages/rp2040/tools/pqt-gcc/2.1.0-a-d3d2e6b/bin/../lib/gcc/arm-none-eabi/12.3.0/../../../../arm-none-eabi/lib/thumb\libc.a(lib_a-nano-vfscanf_float.o)
                0x10008254                _scanf_float
 .text          0x10008670       0x54 c:/users/colin/appdata/local/arduino15/packages/rp2040/tools/pqt-gcc/2.1.0-a-d3d2e6b/bin/../lib/gcc/arm-none-eabi/12.3.0/../../../../arm-none-eabi/lib/thumb\libc.a(lib_a-printf.o)
                0x10008670                _printf_r
                0x10008670                _iprintf_r
                0x10008698                iprintf
                0x10008698                printf
 .text          0x100086c4       0xe8 c:/users/colin/appdata/local/arduino15/packages/rp2040/tools/pqt-gcc/2.1.0-a-d3d2e6b/bin/../lib/gcc/arm-none-eabi/12.3.0/../../../../arm-none-eabi/lib/thumb\libc.a(lib_a-puts.o)
                0x100086c4                _puts_r
                0x1000879c                puts
 .text          0x100087ac       0x14 c:/users/colin/appdata/local/arduino15/packages/rp2040/tools/pqt-gcc/2.1.0-a-d3d2e6b/bin/../lib/gcc/arm-none-eabi/12.3.0/../../../../arm-none-eabi/lib/thumb\libc.a(lib_a-realloc.o)
                0x100087ac                realloc
 .text          0x100087c0      0x354 c:/users/colin/appdata/local/arduino15/packages/rp2040/tools/pqt-gcc/2.1.0-a-d3d2e6b/bin/../lib/gcc/arm-none-eabi/12.3.0/../../../../arm-none-eabi/lib/thumb\libc.a(lib_a-reallocr.o)
                0x100087c0                _realloc_r
 .text          0x10008b14       0x24 c:/users/colin/appdata/local/arduino15/packages/rp2040/tools/pqt-gcc/2.1.0-a-d3d2e6b/bin/../lib/gcc/arm-none-eabi/12.3.0/../../../../arm-none-eabi/lib/thumb\libc.a(lib_a-sbrkr.o)
                0x10008b14                _sbrk_r
 .text          0x10008b38        0x8 c:/users/colin/appdata/local/arduino15/packages/rp2040/tools/pqt-gcc/2.1.0-a-d3d2e6b/bin/../lib/gcc/arm-none-eabi/12.3.0/../../../../arm-none-eabi/lib/thumb\libc.a(lib_a-sf_nan.o)
                0x10008b38                nanf
 .text          0x10008b40       0x78 c:/users/colin/appdata/local/arduino15/packages/rp2040/tools/pqt-gcc/2.1.0-a-d3d2e6b/bin/../lib/gcc/arm-none-eabi/12.3.0/../../../../arm-none-eabi/lib/thumb\libc.a(lib_a-sprintf.o)
                0x10008b40                _sprintf_r
                0x10008b40                _siprintf_r
                0x10008b78                siprintf
                0x10008b78                sprintf
 .text          0x10008bb8       0x9c c:/users/colin/appdata/local/arduino15/packages/rp2040/tools/pqt-gcc/2.1.0-a-d3d2e6b/bin/../lib/gcc/arm-none-eabi/12.3.0/../../../../arm-none-eabi/lib/thumb\libc.a(lib_a-stdio.o)
                0x10008bb8                __sread
                0x10008be0                __seofread
                0x10008be4                __swrite
                0x10008c1c                __sseek
                0x10008c48                __sclose
 .text          0x10008c54       0x14 c:/users/colin/appdata/local/arduino15/packages/rp2040/tools/pqt-gcc/2.1.0-a-d3d2e6b/bin/../lib/gcc/arm-none-eabi/12.3.0/../../../../arm-none-eabi/lib/thumb\libc.a(lib_a-strcmp.o)
                0x10008c54                strcmp
 .text          0x10008c68        0xe c:/users/colin/appdata/local/arduino15/packages/rp2040/tools/pqt-gcc/2.1.0-a-d3d2e6b/bin/../lib/gcc/arm-none-eabi/12.3.0/../../../../arm-none-eabi/lib/thumb\libc.a(lib_a-strlen.o)
                0x10008c68                strlen
 .text          0x10008c76       0x22 c:/users/colin/appdata/local/arduino15/packages/rp2040/tools/pqt-gcc/2.1.0-a-d3d2e6b/bin/../lib/gcc/arm-none-eabi/12.3.0/../../../../arm-none-eabi/lib/thumb\libc.a(lib_a-strncmp.o)
                0x10008c76                strncmp
 .text          0x10008c98      0xe34 c:/users/colin/appdata/local/arduino15/packages/rp2040/tools/pqt-gcc/2.1.0-a-d3d2e6b/bin/../lib/gcc/arm-none-eabi/12.3.0/../../../../arm-none-eabi/lib/thumb\libc.a(lib_a-strtod.o)
                0x10008cc8                _strtod_l
                0x10009930                _strtod_r
                0x10009940                strtod_l
                0x10009958                strtod
                0x10009974                strtof_l
                0x10009a20                strtof
 .text          0x10009acc      0x150 c:/users/colin/appdata/local/arduino15/packages/rp2040/tools/pqt-gcc/2.1.0-a-d3d2e6b/bin/../lib/gcc/arm-none-eabi/12.3.0/../../../../arm-none-eabi/lib/thumb\libc.a(lib_a-strtol.o)
                0x10009be4                _strtol_r
                0x10009bec                strtol_l
                0x10009c04                strtol
 .text          0x10009c1c       0x4a c:/users/colin/appdata/local/arduino15/packages/rp2040/tools/pqt-gcc/2.1.0-a-d3d2e6b/bin/../lib/gcc/arm-none-eabi/12.3.0/../../../../arm-none-eabi/lib/thumb\libc.a(lib_a-vprintf.o)
                0x10009c1c                vprintf
                0x10009c1c                viprintf
                0x10009c42                _vprintf_r
                0x10009c42                _viprintf_r
 *fill*         0x10009c66        0x2 
 .text          0x10009c68       0xdc c:/users/colin/appdata/local/arduino15/packages/rp2040/tools/pqt-gcc/2.1.0-a-d3d2e6b/bin/../lib/gcc/arm-none-eabi/12.3.0/../../../../arm-none-eabi/lib/thumb\libc.a(lib_a-wbuf.o)
                0x10009c68                __swbuf_r
                0x10009d30                __swbuf
 .text          0x10009d44       0x28 c:/users/colin/appdata/local/arduino15/packages/rp2040/tools/pqt-gcc/2.1.0-a-d3d2e6b/bin/../lib/gcc/arm-none-eabi/12.3.0/../../../../arm-none-eabi/lib/thumb\libc.a(lib_a-writer.o)
                0x10009d44                _write_r
 .text          0x10009d6c       0xe0 c:/users/colin/appdata/local/arduino15/packages/rp2040/tools/pqt-gcc/2.1.0-a-d3d2e6b/bin/../lib/gcc/arm-none-eabi/12.3.0/../../../../arm-none-eabi/lib/thumb\libc.a(lib_a-wsetup.o)
                0x10009d6c                __swsetup_r
 .text          0x10009e4c       0x24 c:/users/colin/appdata/local/arduino15/packages/rp2040/tools/pqt-gcc/2.1.0-a-d3d2e6b/bin/../lib/gcc/arm-none-eabi/12.3.0/../../../../arm-none-eabi/lib/thumb\libc.a(lib_a-closer.o)
                0x10009e4c                _close_r
 .text          0x10009e70      0xdc8 c:/users/colin/appdata/local/arduino15/packages/rp2040/tools/pqt-gcc/2.1.0-a-d3d2e6b/bin/../lib/gcc/arm-none-eabi/12.3.0/../../../../arm-none-eabi/lib/thumb\libc.a(lib_a-dtoa.o)
                0x10009f8c                _dtoa_r
 .text          0x1000ac38       0xf8 c:/users/colin/appdata/local/arduino15/packages/rp2040/tools/pqt-gcc/2.1.0-a-d3d2e6b/bin/../lib/gcc/arm-none-eabi/12.3.0/../../../../arm-none-eabi/lib/thumb\libc.a(lib_a-fclose.o)
                0x1000ac38                _fclose_r
                0x1000ad20                fclose
 .text          0x1000ad30      0x1cc c:/users/colin/appdata/local/arduino15/packages/rp2040/tools/pqt-gcc/2.1.0-a-d3d2e6b/bin/../lib/gcc/arm-none-eabi/12.3.0/../../../../arm-none-eabi/lib/thumb\libc.a(lib_a-fflush.o)
                0x1000ad30                __sflush_r
                0x1000ae50                _fflush_r
                0x1000aed4                fflush
 .text          0x1000aefc      0x20c c:/users/colin/appdata/local/arduino15/packages/rp2040/tools/pqt-gcc/2.1.0-a-d3d2e6b/bin/../lib/gcc/arm-none-eabi/12.3.0/../../../../arm-none-eabi/lib/thumb\libc.a(lib_a-freer.o)
                0x1000aefc                _malloc_trim_r
                0x1000af98                _free_r
 .text          0x1000b108      0x2bc c:/users/colin/appdata/local/arduino15/packages/rp2040/tools/pqt-gcc/2.1.0-a-d3d2e6b/bin/../lib/gcc/arm-none-eabi/12.3.0/../../../../arm-none-eabi/lib/thumb\libc.a(lib_a-fvwrite.o)
                0x1000b108                __sfvwrite_r
 .text          0x1000b3c4      0x54c c:/users/colin/appdata/local/arduino15/packages/rp2040/tools/pqt-gcc/2.1.0-a-d3d2e6b/bin/../lib/gcc/arm-none-eabi/12.3.0/../../../../arm-none-eabi/lib/thumb\libc.a(lib_a-gdtoa-gethex.o)
                0x1000b470                __hexdig_fun
                0x1000b49a                __gethex
 .text          0x1000b910      0x19c c:/users/colin/appdata/local/arduino15/packages/rp2040/tools/pqt-gcc/2.1.0-a-d3d2e6b/bin/../lib/gcc/arm-none-eabi/12.3.0/../../../../arm-none-eabi/lib/thumb\libc.a(lib_a-gdtoa-hexnan.o)
                0x1000b934                __match
                0x1000b95c                __hexnan
 .text          0x1000baac       0x64 c:/users/colin/appdata/local/arduino15/packages/rp2040/tools/pqt-gcc/2.1.0-a-d3d2e6b/bin/../lib/gcc/arm-none-eabi/12.3.0/../../../../arm-none-eabi/lib/thumb\libc.a(lib_a-locale.o)
                0x1000baac                _setlocale_r
                0x1000baec                __locale_mb_cur_max
                0x1000bafc                setlocale
 .text          0x1000bb10       0x14 c:/users/colin/appdata/local/arduino15/packages/rp2040/tools/pqt-gcc/2.1.0-a-d3d2e6b/bin/../lib/gcc/arm-none-eabi/12.3.0/../../../../arm-none-eabi/lib/thumb\libc.a(lib_a-localeconv.o)
                0x1000bb10                __localeconv_l
                0x1000bb14                _localeconv_r
                0x1000bb1c                localeconv
 .text          0x1000bb24       0x28 c:/users/colin/appdata/local/arduino15/packages/rp2040/tools/pqt-gcc/2.1.0-a-d3d2e6b/bin/../lib/gcc/arm-none-eabi/12.3.0/../../../../arm-none-eabi/lib/thumb\libc.a(lib_a-lseekr.o)
                0x1000bb24                _lseek_r
 .text          0x1000bb4c       0xe8 c:/users/colin/appdata/local/arduino15/packages/rp2040/tools/pqt-gcc/2.1.0-a-d3d2e6b/bin/../lib/gcc/arm-none-eabi/12.3.0/../../../../arm-none-eabi/lib/thumb\libc.a(lib_a-makebuf.o)
                0x1000bb4c                __swhatbuf_r
                0x1000bba8                __smakebuf_r
 .text          0x1000bc34       0x38 c:/users/colin/appdata/local/arduino15/packages/rp2040/tools/pqt-gcc/2.1.0-a-d3d2e6b/bin/../lib/gcc/arm-none-eabi/12.3.0/../../../../arm-none-eabi/lib/thumb\libc.a(lib_a-mbtowc_r.o)
                0x1000bc34                _mbtowc_r
                0x1000bc48                __ascii_mbtowc
 .text          0x1000bc6c      0x9cc c:/users/colin/appdata/local/arduino15/packages/rp2040/tools/pqt-gcc/2.1.0-a-d3d2e6b/bin/../lib/gcc/arm-none-eabi/12.3.0/../../../../arm-none-eabi/lib/thumb\libc.a(lib_a-mprec.o)
                0x1000bc6c                _Balloc
                0x1000bcf4                _Bfree
                0x1000bd3c                __multadd
                0x1000bdc4                __s2b
                0x1000be5c                __hi0bits
                0x1000bea8                __lo0bits
                0x1000bf04                __i2b
                0x1000bf34                __multiply
                0x1000c098                __pow5mult
                0x1000c150                __lshift
                0x1000c228                __mcmp
                0x1000c25e                __mdiff
                0x1000c390                __ulp
                0x1000c3d0                __b2d
                0x1000c468                __d2b
                0x1000c528                __ratio
                0x1000c57c                _mprec_log10
                0x1000c5b0                __copybits
                0x1000c5f2                __any_on
 .text          0x1000c638      0x3f8 c:/users/colin/appdata/local/arduino15/packages/rp2040/tools/pqt-gcc/2.1.0-a-d3d2e6b/bin/../lib/gcc/arm-none-eabi/12.3.0/../../../../arm-none-eabi/lib/thumb\libc.a(lib_a-nano-svfprintf.o)
                0x1000c638                __ssputs_r
                0x1000c6f8                __ssprint_r
                0x1000c7f8                _svfiprintf_r
                0x1000c7f8                _svfprintf_r
 .text          0x1000ca30      0x3a8 c:/users/colin/appdata/local/arduino15/packages/rp2040/tools/pqt-gcc/2.1.0-a-d3d2e6b/bin/../lib/gcc/arm-none-eabi/12.3.0/../../../../arm-none-eabi/lib/thumb\libc.a(lib_a-nano-vfprintf.o)
                0x1000ca5a                __sfputs_r
                0x1000caa2                __sprint_r
                0x1000cb10                _vfiprintf_r
                0x1000cb10                _vfprintf_r
                0x1000cdc0                vfprintf
                0x1000cdc0                vfiprintf
 .text          0x1000cdd8       0x28 c:/users/colin/appdata/local/arduino15/packages/rp2040/tools/pqt-gcc/2.1.0-a-d3d2e6b/bin/../lib/gcc/arm-none-eabi/12.3.0/../../../../arm-none-eabi/lib/thumb\libc.a(lib_a-readr.o)
                0x1000cdd8                _read_r
 .text          0x1000ce00        0xc c:/users/colin/appdata/local/arduino15/packages/rp2040/tools/pqt-gcc/2.1.0-a-d3d2e6b/bin/../lib/gcc/arm-none-eabi/12.3.0/../../../../arm-none-eabi/lib/thumb\libc.a(lib_a-s_nan.o)
                0x1000ce00                nan
 .text          0x1000ce0c       0x2c c:/users/colin/appdata/local/arduino15/packages/rp2040/tools/pqt-gcc/2.1.0-a-d3d2e6b/bin/../lib/gcc/arm-none-eabi/12.3.0/../../../../arm-none-eabi/lib/thumb\libc.a(lib_a-wctomb_r.o)
                0x1000ce0c                _wctomb_r
                0x1000ce1c                __ascii_wctomb
 .text          0x1000ce38      0x120 c:/users/colin/appdata/local/arduino15/packages/rp2040/tools/pqt-gcc/2.1.0-a-d3d2e6b/bin/../lib/gcc/arm-none-eabi/12.3.0/../../../../arm-none-eabi/lib/thumb\libc.a(lib_a-fputwc.o)
                0x1000ce38                __fputwc
                0x1000ceb4                _fputwc_r
                0x1000cf0a                fputwc
 .text          0x1000cf58       0x24 c:/users/colin/appdata/local/arduino15/packages/rp2040/tools/pqt-gcc/2.1.0-a-d3d2e6b/bin/../lib/gcc/arm-none-eabi/12.3.0/../../../../arm-none-eabi/lib/thumb\libc.a(lib_a-fstatr.o)
                0x1000cf58                _fstat_r
 .text          0x1000cf7c       0x24 c:/users/colin/appdata/local/arduino15/packages/rp2040/tools/pqt-gcc/2.1.0-a-d3d2e6b/bin/../lib/gcc/arm-none-eabi/12.3.0/../../../../arm-none-eabi/lib/thumb\libc.a(lib_a-isattyr.o)
                0x1000cf7c                _isatty_r
 .text          0x1000cfa0       0x44 c:/users/colin/appdata/local/arduino15/packages/rp2040/tools/pqt-gcc/2.1.0-a-d3d2e6b/bin/../lib/gcc/arm-none-eabi/12.3.0/../../../../arm-none-eabi/lib/thumb\libc.a(lib_a-wcrtomb.o)
                0x1000cfa0                _wcrtomb_r
                0x1000cfcc                wcrtomb
 .text._ZL27__getFreeRTOSRecursiveMutexP6__lock
                0x1000cfe4       0x68 C:\Users\colin\AppData\Local\Temp\arduino\sketches\F3856266610E794D7B4EF7F584E67139/..\..\cores\450c9d60defc99c66b786c1c213a5ccb\core.a(lock.cpp.o)
 .text.__retarget_lock_init_recursive
                0x1000d04c       0x50 C:\Users\colin\AppData\Local\Temp\arduino\sketches\F3856266610E794D7B4EF7F584E67139/..\..\cores\450c9d60defc99c66b786c1c213a5ccb\core.a(lock.cpp.o)
                0x1000d04c                __retarget_lock_init_recursive
 .text.__retarget_lock_close_recursive
                0x1000d09c        0x2 C:\Users\colin\AppData\Local\Temp\arduino\sketches\F3856266610E794D7B4EF7F584E67139/..\..\cores\450c9d60defc99c66b786c1c213a5ccb\core.a(lock.cpp.o)
                0x1000d09c                __retarget_lock_close_recursive
 *fill*         0x1000d09e        0x2 
 .text.__retarget_lock_acquire_recursive
                0x1000d0a0       0x20 C:\Users\colin\AppData\Local\Temp\arduino\sketches\F3856266610E794D7B4EF7F584E67139/..\..\cores\450c9d60defc99c66b786c1c213a5ccb\core.a(lock.cpp.o)
                0x1000d0a0                __retarget_lock_acquire_recursive
 .text.__retarget_lock_release_recursive
                0x1000d0c0       0x20 C:\Users\colin\AppData\Local\Temp\arduino\sketches\F3856266610E794D7B4EF7F584E67139/..\..\cores\450c9d60defc99c66b786c1c213a5ccb\core.a(lock.cpp.o)
                0x1000d0c0                __retarget_lock_release_recursive
 .text._write   0x1000d0e0        0x4 C:\Users\colin\AppData\Local\Temp\arduino\sketches\F3856266610E794D7B4EF7F584E67139/..\..\cores\450c9d60defc99c66b786c1c213a5ccb\core.a(posix.cpp.o)
                0x1000d0e0                _write
 .text._close   0x1000d0e4       0x10 C:\Users\colin\AppData\Local\Temp\arduino\sketches\F3856266610E794D7B4EF7F584E67139/..\..\cores\450c9d60defc99c66b786c1c213a5ccb\core.a(posix.cpp.o)
                0x1000d0e4                _close
 .text._fstat   0x1000d0f4       0x10 C:\Users\colin\AppData\Local\Temp\arduino\sketches\F3856266610E794D7B4EF7F584E67139/..\..\cores\450c9d60defc99c66b786c1c213a5ccb\core.a(posix.cpp.o)
                0x1000d0f4                _fstat
 .text._isatty  0x1000d104       0x10 C:\Users\colin\AppData\Local\Temp\arduino\sketches\F3856266610E794D7B4EF7F584E67139/..\..\cores\450c9d60defc99c66b786c1c213a5ccb\core.a(posix.cpp.o)
                0x1000d104                _isatty
 .text._lseek   0x1000d114       0x10 C:\Users\colin\AppData\Local\Temp\arduino\sketches\F3856266610E794D7B4EF7F584E67139/..\..\cores\450c9d60defc99c66b786c1c213a5ccb\core.a(posix.cpp.o)
                0x1000d114                _lseek
 .text._read    0x1000d124        0x6 C:\Users\colin\AppData\Local\Temp\arduino\sketches\F3856266610E794D7B4EF7F584E67139/..\..\cores\450c9d60defc99c66b786c1c213a5ccb\core.a(posix.cpp.o)
                0x1000d124                _read
 *(.fini)
 *fill*         0x1000d12a        0x2 
 .fini          0x1000d12c        0x4 c:/users/colin/appdata/local/arduino15/packages/rp2040/tools/pqt-gcc/2.1.0-a-d3d2e6b/bin/../lib/gcc/arm-none-eabi/12.3.0/thumb/crti.o
                0x1000d12c                _fini
 .fini.__stub   0x1000d130      0x100 linker stubs
 *crtbegin.o(.ctors)
 *crtbegin?.o(.ctors)
 *(EXCLUDE_FILE(*crtend.o *crtend?.o) .ctors)
 *(SORT_BY_NAME(.ctors.*))
 *(.ctors)
 *crtbegin.o(.dtors)
 *crtbegin?.o(.dtors)
 *(EXCLUDE_FILE(*crtend.o *crtend?.o) .dtors)
 *(SORT_BY_NAME(.dtors.*))
 *(.dtors)
 *(.eh_frame*)
 .eh_frame      0x1000d230        0x0 c:/users/colin/appdata/local/arduino15/packages/rp2040/tools/pqt-gcc/2.1.0-a-d3d2e6b/bin/../lib/gcc/arm-none-eabi/12.3.0/thumb/crtbegin.o
                0x1000d230                        . = ALIGN (0x4)

.glue_7         0x1000d230        0x0
 .glue_7        0x1000d230        0x0 linker stubs

.glue_7t        0x1000d230        0x0
 .glue_7t       0x1000d230        0x0 linker stubs

.vfp11_veneer   0x1000d230        0x0
 .vfp11_veneer  0x1000d230        0x0 linker stubs

.v4_bx          0x1000d230        0x0
 .v4_bx         0x1000d230        0x0 linker stubs

.iplt           0x1000d230        0x0
 .iplt          0x1000d230        0x0 c:/users/colin/appdata/local/arduino15/packages/rp2040/tools/pqt-gcc/2.1.0-a-d3d2e6b/bin/../lib/gcc/arm-none-eabi/12.3.0/thumb/crtbegin.o

.rodata         0x1000d230      0x84c
 *(EXCLUDE_FILE(*libm.a: *libc.a:*lib_a-mem*.o *libgcc.a:) .rodata* .big_const*)
 .rodata.dma_channel_get_default_config.str1.1
                0x1000d230       0xe2 C:\Users\colin\AppData\Local\Temp\arduino\sketches\F3856266610E794D7B4EF7F584E67139\sketch\PicoTuner.ino.cpp.o
 .rodata._Z18usb_start_transferP26usb_endpoint_configurationPht.str1.1
                0x1000d312       0x7e C:\Users\colin\AppData\Local\Temp\arduino\sketches\F3856266610E794D7B4EF7F584E67139\sketch\PicoTuner.ino.cpp.o
 .rodata._Z8isr_irq5v.str1.1
                0x1000d390       0x14 C:\Users\colin\AppData\Local\Temp\arduino\sketches\F3856266610E794D7B4EF7F584E67139\sketch\PicoTuner.ino.cpp.o
 .rodata._ZL16Pio_TS_S_program
                0x1000d3a4        0x6 C:\Users\colin\AppData\Local\Temp\arduino\sketches\F3856266610E794D7B4EF7F584E67139\sketch\PicoTuner.ino.cpp.o
 .rodata._ZL29Pio_TS_S_program_instructions
                0x1000d3aa       0x10 C:\Users\colin\AppData\Local\Temp\arduino\sketches\F3856266610E794D7B4EF7F584E67139\sketch\PicoTuner.ino.cpp.o
 .rodata._ZL22Pio_Parallel_8_program
                0x1000d3ba        0x6 C:\Users\colin\AppData\Local\Temp\arduino\sketches\F3856266610E794D7B4EF7F584E67139\sketch\PicoTuner.ino.cpp.o
 .rodata._ZL35Pio_Parallel_8_program_instructions
                0x1000d3c0        0x4 C:\Users\colin\AppData\Local\Temp\arduino\sketches\F3856266610E794D7B4EF7F584E67139\sketch\PicoTuner.ino.cpp.o
 .rodata._ZL22Pio_Parallel_2_program
                0x1000d3c4        0x6 C:\Users\colin\AppData\Local\Temp\arduino\sketches\F3856266610E794D7B4EF7F584E67139\sketch\PicoTuner.ino.cpp.o
 .rodata._ZL35Pio_Parallel_2_program_instructions
                0x1000d3ca        0x4 C:\Users\colin\AppData\Local\Temp\arduino\sketches\F3856266610E794D7B4EF7F584E67139\sketch\PicoTuner.ino.cpp.o
 .rodata.str1.1
                0x1000d3ce       0x4e C:\Users\colin\AppData\Local\Temp\arduino\sketches\F3856266610E794D7B4EF7F584E67139\sketch\PicoTuner.ino.cpp.o
 .rodata._ZL15lang_descriptor
                0x1000d41c        0x4 C:\Users\colin\AppData\Local\Temp\arduino\sketches\F3856266610E794D7B4EF7F584E67139\sketch\PicoTuner.ino.cpp.o
 .rodata._ZL17config_descriptor
                0x1000d420        0x9 C:\Users\colin\AppData\Local\Temp\arduino\sketches\F3856266610E794D7B4EF7F584E67139\sketch\PicoTuner.ino.cpp.o
 .rodata._ZL7ep84_in
                0x1000d429        0x7 C:\Users\colin\AppData\Local\Temp\arduino\sketches\F3856266610E794D7B4EF7F584E67139\sketch\PicoTuner.ino.cpp.o
 .rodata._ZL7ep83_in
                0x1000d430        0x7 C:\Users\colin\AppData\Local\Temp\arduino\sketches\F3856266610E794D7B4EF7F584E67139\sketch\PicoTuner.ino.cpp.o
 .rodata._ZL21interface_descriptor2
                0x1000d437        0x9 C:\Users\colin\AppData\Local\Temp\arduino\sketches\F3856266610E794D7B4EF7F584E67139\sketch\PicoTuner.ino.cpp.o
 .rodata._ZL7ep2_out
                0x1000d440        0x7 C:\Users\colin\AppData\Local\Temp\arduino\sketches\F3856266610E794D7B4EF7F584E67139\sketch\PicoTuner.ino.cpp.o
 .rodata._ZL7ep81_in
                0x1000d447        0x7 C:\Users\colin\AppData\Local\Temp\arduino\sketches\F3856266610E794D7B4EF7F584E67139\sketch\PicoTuner.ino.cpp.o
 .rodata._ZL21interface_descriptor1
                0x1000d44e        0x9 C:\Users\colin\AppData\Local\Temp\arduino\sketches\F3856266610E794D7B4EF7F584E67139\sketch\PicoTuner.ino.cpp.o
 .rodata._ZL17device_descriptor
                0x1000d457       0x12 C:\Users\colin\AppData\Local\Temp\arduino\sketches\F3856266610E794D7B4EF7F584E67139\sketch\PicoTuner.ino.cpp.o
 .rodata._ZL6ep0_in
                0x1000d469        0x7 C:\Users\colin\AppData\Local\Temp\arduino\sketches\F3856266610E794D7B4EF7F584E67139\sketch\PicoTuner.ino.cpp.o
 .rodata._ZL7ep0_out
                0x1000d470        0x7 C:\Users\colin\AppData\Local\Temp\arduino\sketches\F3856266610E794D7B4EF7F584E67139\sketch\PicoTuner.ino.cpp.o
 .rodata.get_absolute_time.str1.1
                0x1000d477       0xd1 C:\Users\colin\AppData\Local\Temp\arduino\sketches\F3856266610E794D7B4EF7F584E67139/..\..\cores\450c9d60defc99c66b786c1c213a5ccb\core.a(delay.cpp.o)
 .rodata.main.str1.1
                0x1000d548       0x32 C:\Users\colin\AppData\Local\Temp\arduino\sketches\F3856266610E794D7B4EF7F584E67139/..\..\cores\450c9d60defc99c66b786c1c213a5ccb\core.a(main.cpp.o)
 .rodata._GLOBAL__sub_I_rp2040.str1.1
                0x1000d57a       0x32 C:\Users\colin\AppData\Local\Temp\arduino\sketches\F3856266610E794D7B4EF7F584E67139/..\..\cores\450c9d60defc99c66b786c1c213a5ccb\core.a(main.cpp.o)
                                  0x1 (size before relaxing)
 .rodata._ZL14ccount_program
                0x1000d57a        0x6 C:\Users\colin\AppData\Local\Temp\arduino\sketches\F3856266610E794D7B4EF7F584E67139/..\..\cores\450c9d60defc99c66b786c1c213a5ccb\core.a(main.cpp.o)
 .rodata._ZL27ccount_program_instructions
                0x1000d580        0x4 C:\Users\colin\AppData\Local\Temp\arduino\sketches\F3856266610E794D7B4EF7F584E67139/..\..\cores\450c9d60defc99c66b786c1c213a5ccb\core.a(main.cpp.o)
 .rodata.noInterrupts.str1.1
                0x1000d584       0x13 C:\Users\colin\AppData\Local\Temp\arduino\sketches\F3856266610E794D7B4EF7F584E67139/..\..\cores\450c9d60defc99c66b786c1c213a5ccb\core.a(wiring_private.cpp.o)
 .rodata.hardware_alarm_claim.str1.1
                0x1000d597       0x22 C:\Users\colin\AppData\Local\Arduino15\packages\rp2040\hardware\rp2040\3.6.1/lib/libpico.a(timer.c.obj)
 .rodata.dma_claim_unused_channel.str1.1
                0x1000d5b9       0x1e C:\Users\colin\AppData\Local\Arduino15\packages\rp2040\hardware\rp2040\3.6.1/lib/libpico.a(dma.c.obj)
 .rodata._pio_add_program_at_offset.str1.1
                0x1000d5d7       0x11 C:\Users\colin\AppData\Local\Arduino15\packages\rp2040\hardware\rp2040\3.6.1/lib/libpico.a(pio.c.obj)
 .rodata.pio_claim_unused_sm.str1.1
                0x1000d5e8       0x24 C:\Users\colin\AppData\Local\Arduino15\packages\rp2040\hardware\rp2040\3.6.1/lib/libpico.a(pio.c.obj)
 .rodata.__assert_func.str1.1
                0x1000d60c       0x3c C:\Users\colin\AppData\Local\Arduino15\packages\rp2040\hardware\rp2040\3.6.1/lib/libpico.a(runtime.c.obj)
                                 0x3d (size before relaxing)
 .rodata.panic.str1.1
                0x1000d648       0x10 C:\Users\colin\AppData\Local\Arduino15\packages\rp2040\hardware\rp2040\3.6.1/lib/libpico.a(runtime.c.obj)
                                 0x12 (size before relaxing)
 .rodata.hard_assertion_failure.str1.1
                0x1000d658        0xc C:\Users\colin\AppData\Local\Arduino15\packages\rp2040\hardware\rp2040\3.6.1/lib/libpico.a(runtime.c.obj)
 .rodata        0x1000d664       0x60 c:/users/colin/appdata/local/arduino15/packages/rp2040/tools/pqt-gcc/2.1.0-a-d3d2e6b/bin/../lib/gcc/arm-none-eabi/12.3.0/../../../../arm-none-eabi/lib/thumb\libc.a(lib_a-findfp.o)
                0x1000d664                __sf_fake_stderr
                0x1000d684                __sf_fake_stdout
                0x1000d6a4                __sf_fake_stdin
 .rodata        0x1000d6c4        0x4 c:/users/colin/appdata/local/arduino15/packages/rp2040/tools/pqt-gcc/2.1.0-a-d3d2e6b/bin/../lib/gcc/arm-none-eabi/12.3.0/../../../../arm-none-eabi/lib/thumb\libc.a(lib_a-impure.o)
                0x1000d6c4                _global_impure_ptr
 .rodata.str1.1
                0x1000d6c8       0x12 c:/users/colin/appdata/local/arduino15/packages/rp2040/tools/pqt-gcc/2.1.0-a-d3d2e6b/bin/../lib/gcc/arm-none-eabi/12.3.0/../../../../arm-none-eabi/lib/thumb\libc.a(lib_a-nano-vfprintf_float.o)
 .rodata.str1.1
                0x1000d6da       0x22 c:/users/colin/appdata/local/arduino15/packages/rp2040/tools/pqt-gcc/2.1.0-a-d3d2e6b/bin/../lib/gcc/arm-none-eabi/12.3.0/../../../../arm-none-eabi/lib/thumb\libc.a(lib_a-nano-vfprintf_i.o)
 .rodata.str1.1
                0x1000d6fc        0x5 c:/users/colin/appdata/local/arduino15/packages/rp2040/tools/pqt-gcc/2.1.0-a-d3d2e6b/bin/../lib/gcc/arm-none-eabi/12.3.0/../../../../arm-none-eabi/lib/thumb\libc.a(lib_a-nano-vfscanf_float.o)
                                  0x6 (size before relaxing)
 .rodata.str1.1
                0x1000d701        0x2 c:/users/colin/appdata/local/arduino15/packages/rp2040/tools/pqt-gcc/2.1.0-a-d3d2e6b/bin/../lib/gcc/arm-none-eabi/12.3.0/../../../../arm-none-eabi/lib/thumb\libc.a(lib_a-puts.o)
 .rodata.str1.1
                0x1000d701        0x5 c:/users/colin/appdata/local/arduino15/packages/rp2040/tools/pqt-gcc/2.1.0-a-d3d2e6b/bin/../lib/gcc/arm-none-eabi/12.3.0/../../../../arm-none-eabi/lib/thumb\libc.a(lib_a-strtod.o)
                                  0xd (size before relaxing)
 *fill*         0x1000d701        0x7 
 .rodata        0x1000d708       0x50 c:/users/colin/appdata/local/arduino15/packages/rp2040/tools/pqt-gcc/2.1.0-a-d3d2e6b/bin/../lib/gcc/arm-none-eabi/12.3.0/../../../../arm-none-eabi/lib/thumb\libc.a(lib_a-strtod.o)
 .rodata        0x1000d758      0x101 c:/users/colin/appdata/local/arduino15/packages/rp2040/tools/pqt-gcc/2.1.0-a-d3d2e6b/bin/../lib/gcc/arm-none-eabi/12.3.0/../../../../arm-none-eabi/lib/thumb\libc.a(lib_a-ctype_.o)
                0x1000d758                _ctype_
 .rodata.str1.1
                0x1000d859       0x64 c:/users/colin/appdata/local/arduino15/packages/rp2040/tools/pqt-gcc/2.1.0-a-d3d2e6b/bin/../lib/gcc/arm-none-eabi/12.3.0/../../../../arm-none-eabi/lib/thumb\libc.a(lib_a-dtoa.o)
                                 0x66 (size before relaxing)
 .rodata.str1.1
                0x1000d8bd       0x37 c:/users/colin/appdata/local/arduino15/packages/rp2040/tools/pqt-gcc/2.1.0-a-d3d2e6b/bin/../lib/gcc/arm-none-eabi/12.3.0/../../../../arm-none-eabi/lib/thumb\libc.a(lib_a-gdtoa-gethex.o)
                                 0x48 (size before relaxing)
 .rodata.str1.1
                0x1000d8f4        0x2 c:/users/colin/appdata/local/arduino15/packages/rp2040/tools/pqt-gcc/2.1.0-a-d3d2e6b/bin/../lib/gcc/arm-none-eabi/12.3.0/../../../../arm-none-eabi/lib/thumb\libc.a(lib_a-lnumeric.o)
                                  0x3 (size before relaxing)
 *fill*         0x1000d8f6        0x2 
 .rodata        0x1000d8f8        0xc c:/users/colin/appdata/local/arduino15/packages/rp2040/tools/pqt-gcc/2.1.0-a-d3d2e6b/bin/../lib/gcc/arm-none-eabi/12.3.0/../../../../arm-none-eabi/lib/thumb\libc.a(lib_a-lnumeric.o)
                0x1000d8f8                _C_numeric_locale
 .rodata.str1.1
                0x1000d904        0x6 c:/users/colin/appdata/local/arduino15/packages/rp2040/tools/pqt-gcc/2.1.0-a-d3d2e6b/bin/../lib/gcc/arm-none-eabi/12.3.0/../../../../arm-none-eabi/lib/thumb\libc.a(lib_a-locale.o)
                                  0xb (size before relaxing)
 .rodata.str1.1
                0x1000d90a       0x30 c:/users/colin/appdata/local/arduino15/packages/rp2040/tools/pqt-gcc/2.1.0-a-d3d2e6b/bin/../lib/gcc/arm-none-eabi/12.3.0/../../../../arm-none-eabi/lib/thumb\libc.a(lib_a-mprec.o)
                                 0x58 (size before relaxing)
 *fill*         0x1000d93a        0x6 
 .rodata        0x1000d940      0x128 c:/users/colin/appdata/local/arduino15/packages/rp2040/tools/pqt-gcc/2.1.0-a-d3d2e6b/bin/../lib/gcc/arm-none-eabi/12.3.0/../../../../arm-none-eabi/lib/thumb\libc.a(lib_a-mprec.o)
                0x1000d950                __mprec_tinytens
                0x1000d978                __mprec_bigtens
                0x1000d9a0                __mprec_tens
 .rodata.str1.1
                0x1000da68       0x11 c:/users/colin/appdata/local/arduino15/packages/rp2040/tools/pqt-gcc/2.1.0-a-d3d2e6b/bin/../lib/gcc/arm-none-eabi/12.3.0/../../../../arm-none-eabi/lib/thumb\libc.a(lib_a-nano-svfprintf.o)
 .rodata.str1.1
                0x1000da79       0x11 c:/users/colin/appdata/local/arduino15/packages/rp2040/tools/pqt-gcc/2.1.0-a-d3d2e6b/bin/../lib/gcc/arm-none-eabi/12.3.0/../../../../arm-none-eabi/lib/thumb\libc.a(lib_a-nano-vfprintf.o)
                0x1000da8c                        . = ALIGN (0x4)
 *fill*         0x1000da79        0x3 
 *(SORT_BY_ALIGNMENT(SORT_BY_NAME(.flashdata*)))
                0x1000da7c                        . = ALIGN (0x4)

.rel.dyn        0x1000da7c        0x0
 .rel.iplt      0x1000da7c        0x0 c:/users/colin/appdata/local/arduino15/packages/rp2040/tools/pqt-gcc/2.1.0-a-d3d2e6b/bin/../lib/gcc/arm-none-eabi/12.3.0/thumb/crtbegin.o

.ARM.extab
 *(.ARM.extab* .gnu.linkonce.armextab.*)
                0x1000da7c                        __exidx_start = .

.ARM.exidx
 *(.ARM.exidx* .gnu.linkonce.armexidx.*)
                0x1000da7c                        __exidx_end = .
                0x1000da7c                        . = ALIGN (0x4)
                0x1000da7c                        __etext = .

.ram_vector_table
                0x20000000       0xc0
 *(.ram_vector_table)
 .ram_vector_table
                0x20000000       0xc0 C:\Users\colin\AppData\Local\Arduino15\packages\rp2040\hardware\rp2040\3.6.1/lib/libpico.a(runtime.c.obj)
                0x20000000                ram_vector_table

.data           0x200000c0     0x1140 load address 0x1000da7c
                0x200000c0                        __data_start__ = .
 *(vtable)
 *(.time_critical*)
 .time_critical._irq